Component: ARM Compiler 5.06 update 6 (build 750) Tool: armlink [4d35ed]

==============================================================================

Section Cross References

    main.o(i.ESP8266_Init) refers to main.o(i.My_USARTSendstop) for My_USARTSendstop
    main.o(i.ESP8266_Init) refers to delay.o(i.delay_ms) for delay_ms
    main.o(i.ESP8266_Init) refers to main.o(i.My_USARTSend) for My_USARTSend
    main.o(i.ESP8266_Init) refers to text.o(i.Show_Str) for Show_Str
    main.o(i.ESP8266_Init) refers to lcd.o(i.LCD_Fill) for LCD_Fill
    main.o(i.My_USARTSend) refers to stm32f10x_usart.o(i.USART_SendData) for USART_SendData
    main.o(i.My_USARTSend) refers to stm32f10x_usart.o(i.USART_GetFlagStatus) for USART_GetFlagStatus
    main.o(i.My_USARTSendstop) refers to stm32f10x_usart.o(i.USART_SendData) for USART_SendData
    main.o(i.My_USARTSendstop) refers to stm32f10x_usart.o(i.USART_GetFlagStatus) for USART_GetFlagStatus
    main.o(i.camera_new_pathname) refers to _printf_pad.o(.text) for _printf_pre_padding
    main.o(i.camera_new_pathname) refers to _printf_percent.o(.ARM.Collect$$_printf_percent$$00000000) for _printf_percent
    main.o(i.camera_new_pathname) refers to _printf_d.o(.ARM.Collect$$_printf_percent$$00000009) for _printf_d
    main.o(i.camera_new_pathname) refers to _printf_dec.o(.text) for _printf_int_dec
    main.o(i.camera_new_pathname) refers to noretval__2sprintf.o(.text) for __2sprintf
    main.o(i.camera_new_pathname) refers to ff.o(i.f_open) for f_open
    main.o(i.camera_new_pathname) refers to exfuns.o(.data) for ftemp
    main.o(i.camera_refresh) refers to lcd.o(i.LCD_Scan_Dir) for LCD_Scan_Dir
    main.o(i.camera_refresh) refers to lcd.o(i.LCD_Set_Window) for LCD_Set_Window
    main.o(i.camera_refresh) refers to lcd.o(i.LCD_WriteRAM_Prepare) for LCD_WriteRAM_Prepare
    main.o(i.camera_refresh) refers to exti.o(.data) for ov_sta
    main.o(i.camera_refresh) refers to lcd.o(.bss) for lcddev
    main.o(i.camera_refresh) refers to timer.o(.data) for ov_frame
    main.o(i.main) refers to delay.o(i.delay_init) for delay_init
    main.o(i.main) refers to misc.o(i.NVIC_PriorityGroupConfig) for NVIC_PriorityGroupConfig
    main.o(i.main) refers to usart.o(i.uart_init) for uart_init
    main.o(i.main) refers to main.o(i.My_USARTSend) for My_USARTSend
    main.o(i.main) refers to led.o(i.LED_Init) for LED_Init
    main.o(i.main) refers to key.o(i.KEY_Init) for KEY_Init
    main.o(i.main) refers to lcd.o(i.LCD_Init) for LCD_Init
    main.o(i.main) refers to lcd.o(i.LCD_Clear) for LCD_Clear
    main.o(i.main) refers to beep.o(i.BEEP_Init) for BEEP_Init
    main.o(i.main) refers to malloc.o(i.my_mem_init) for my_mem_init
    main.o(i.main) refers to exfuns.o(i.exfuns_init) for exfuns_init
    main.o(i.main) refers to ff.o(i.f_mount) for f_mount
    main.o(i.main) refers to lcd.o(i.LCD_ShowString) for LCD_ShowString
    main.o(i.main) refers to delay.o(i.delay_ms) for delay_ms
    main.o(i.main) refers to lcd.o(i.LCD_Fill) for LCD_Fill
    main.o(i.main) refers to fontupd.o(i.font_init) for font_init
    main.o(i.main) refers to main.o(i.ESP8266_Init) for ESP8266_Init
    main.o(i.main) refers to text.o(i.Show_Str) for Show_Str
    main.o(i.main) refers to ff.o(i.f_mkdir) for f_mkdir
    main.o(i.main) refers to malloc.o(i.mymalloc) for mymalloc
    main.o(i.main) refers to ov7670.o(i.OV7670_Init) for OV7670_Init
    main.o(i.main) refers to exti.o(i.EXTI8_Init) for EXTI8_Init
    main.o(i.main) refers to ov7670.o(i.OV7670_Window_Set) for OV7670_Window_Set
    main.o(i.main) refers to key.o(i.KEY_Scan) for KEY_Scan
    main.o(i.main) refers to lcd.o(i.LCD_ReadPoint) for LCD_ReadPoint
    main.o(i.main) refers to delay.o(i.delay_us) for delay_us
    main.o(i.main) refers to stm32f10x_usart.o(i.USART_SendData) for USART_SendData
    main.o(i.main) refers to stm32f10x_usart.o(i.USART_GetFlagStatus) for USART_GetFlagStatus
    main.o(i.main) refers to main.o(i.camera_refresh) for camera_refresh
    main.o(i.main) refers to main.o(i.camera_new_pathname) for camera_new_pathname
    main.o(i.main) refers to bmp.o(i.bmp_encode) for bmp_encode
    main.o(i.main) refers to exfuns.o(.data) for fs
    main.o(i.main) refers to lcd.o(.data) for POINT_COLOR
    main.o(i.main) refers to lcd.o(.bss) for lcddev
    system_stm32f10x.o(i.SystemCoreClockUpdate) refers to system_stm32f10x.o(.data) for .data
    system_stm32f10x.o(i.SystemInit) refers to system_stm32f10x.o(i.SetSysClockTo72) for SetSysClockTo72
    led.o(i.LED_Init) refers to stm32f10x_rcc.o(i.RCC_APB2PeriphClockCmd) for RCC_APB2PeriphClockCmd
    led.o(i.LED_Init) refers to stm32f10x_gpio.o(i.GPIO_Init) for GPIO_Init
    led.o(i.LED_Init) refers to stm32f10x_gpio.o(i.GPIO_SetBits) for GPIO_SetBits
    key.o(i.KEY_Init) refers to stm32f10x_rcc.o(i.RCC_APB2PeriphClockCmd) for RCC_APB2PeriphClockCmd
    key.o(i.KEY_Init) refers to stm32f10x_gpio.o(i.GPIO_Init) for GPIO_Init
[...]
    x$fpl$usenofp                            0x080095b4   Section        0  usenofp.o(x$fpl$usenofp)
    .constdata                               0x0800ad74   Section      336  ov7670.o(.constdata)
    .constdata                               0x0800aec4   Section       24  malloc.o(.constdata)
    .constdata                               0x0800aedc   Section       58  ff.o(.constdata)
    LfnOfs                                   0x0800aedc   Data          13  ff.o(.constdata)
    vst                                      0x0800aeea   Data          22  ff.o(.constdata)
    cst                                      0x0800af00   Data          22  ff.o(.constdata)
    .constdata                               0x0800af16   Section      960  mycc936.o(.constdata)
    tbl_lower                                0x0800af16   Data         480  mycc936.o(.constdata)
    tbl_upper                                0x0800b0f6   Data         480  mycc936.o(.constdata)
    .constdata                               0x0800b2d6   Section       40  _printf_hex_int.o(.constdata)
    uc_hextab                                0x0800b2d6   Data          20  _printf_hex_int.o(.constdata)
    lc_hextab                                0x0800b2ea   Data          20  _printf_hex_int.o(.constdata)
    .constdata                               0x0800b2fe   Section       17  __printf_flags_wp.o(.constdata)
    maptable                                 0x0800b2fe   Data          17  __printf_flags_wp.o(.constdata)
    .data                                    0x20000000   Section       20  system_stm32f10x.o(.data)
    .data                                    0x20000014   Section        1  key.o(.data)
    key_up                                   0x20000014   Data           1  key.o(.data)
    .data                                    0x20000016   Section        4  lcd.o(.data)
    .data                                    0x2000001a   Section        2  w25qxx.o(.data)
    .data                                    0x2000001c   Section       16  sdio_sdcard.o(.data)
    CardType                                 0x2000001c   Data           1  sdio_sdcard.o(.data)
    DeviceMode                               0x2000001d   Data           1  sdio_sdcard.o(.data)
    StopCondition                            0x2000001e   Data           1  sdio_sdcard.o(.data)
    RCA                                      0x20000024   Data           4  sdio_sdcard.o(.data)
    .data                                    0x2000002c   Section        1  exti.o(.data)
    .data                                    0x2000002e   Section        4  timer.o(.data)
    .data                                    0x20000032   Section        4  delay.o(.data)
    fac_us                                   0x20000032   Data           1  delay.o(.data)
    fac_ms                                   0x20000034   Data           2  delay.o(.data)
    .data                                    0x20000036   Section        2  usart.o(.data)
    .data                                    0x20000038   Section        4  usart.o(.data)
    .data                                    0x2000003c   Section       20  stm32f10x_rcc.o(.data)
    ADCPrescTable                            0x2000003c   Data           4  stm32f10x_rcc.o(.data)
    APBAHBPrescTable                         0x20000040   Data          16  stm32f10x_rcc.o(.data)
    .data                                    0x20000050   Section       28  malloc.o(.data)
    .data                                    0x2000006c   Section        2  diskio.o(.data)
    .data                                    0x20000070   Section       12  ff.o(.data)
    Fsid                                     0x20000070   Data           2  ff.o(.data)
    FatFs                                    0x20000074   Data           8  ff.o(.data)
    .data                                    0x2000007c   Section       20  exfuns.o(.data)
    .data                                    0x20000090   Section        4  exfuns.o(.data)
    .bss                                     0x20000094   Section       14  lcd.o(.bss)
    .bss                                     0x200000a2   Section     4096  w25qxx.o(.bss)
    .bss                                     0x200010a8   Section      704  sdio_sdcard.o(.bss)
    CSD_Tab                                  0x200010ec   Data          16  sdio_sdcard.o(.bss)
    CID_Tab                                  0x200010fc   Data          16  sdio_sdcard.o(.bss)
    .bss                                     0x20001368   Section      200  usart.o(.bss)
    .bss                                     0x20001440   Section    40960  malloc.o(.bss)
    .bss                                     0x2000b440   Section     2560  malloc.o(.bss)
    .bss                                     0x2000be40   Section       33  fontupd.o(.bss)
    .bss                                     0x2000be64   Section       96  libspace.o(.bss)
    HEAP                                     0x2000bec8   Section      512  startup_stm32f10x_hd.o(HEAP)
    Heap_Mem                                 0x2000bec8   Data         512  startup_stm32f10x_hd.o(HEAP)
    STACK                                    0x2000c0c8   Section     1024  startup_stm32f10x_hd.o(STACK)
    Stack_Mem                                0x2000c0c8   Data        1024  startup_stm32f10x_hd.o(STACK)
    __initial_sp                             0x2000c4c8   Data           0  startup_stm32f10x_hd.o(STACK)
    .ARM.__AT_0x68000000                     0x68000000   Section       32  malloc.o(.ARM.__AT_0x68000000)
    .ARM.__AT_0x68000020                     0x68000020   Section        2  malloc.o(.ARM.__AT_0x68000020)

    Global Symbols

    Symbol Name                              Value     Ov Type        Size  Object(Section)

    BuildAttributes$$THM_ISAv4$P$D$K$B$S$PE$A:L22UL41UL21$X:L11$S22US41US21$IEEE1$IW$USESV6$~STKCKD$USESV7$~SHL$OSPACE$ROPI$EBA8$UX$STANDARDLIB$REQ8$PRES8$EABIv2 0x00000000   Number         0  anon$$obj.o ABSOLUTE
    __ARM_use_no_argv                        0x00000000   Number         0  main.o ABSOLUTE
    _printf_flags                            0x00000000   Number         0  printf_stubs.o ABSOLUTE
    _printf_return_value                     0x00000000   Number         0  printf_stubs.o ABSOLUTE
    _printf_sizespec                         0x00000000   Number         0  printf_stubs.o ABSOLUTE
    _printf_widthprec                        0x00000000   Number         0  printf_stubs.o ABSOLUTE
    __ARM_exceptions_init                     - Undefined Weak Reference
    __alloca_initialize                       - Undefined Weak Reference
    __arm_preinit_                            - Undefined Weak Reference
    __cpp_initialize__aeabi_                  - Undefined Weak Reference
    __cxa_finalize                            - Undefined Weak Reference
    __rt_locale                               - Undefined Weak Reference
    __sigvec_lookup                           - Undefined Weak Reference
    _atexit_init                              - Undefined Weak Reference
    _call_atexit_fns                          - Undefined Weak Reference
    _clock_init                               - Undefined Weak Reference
    _fp_trap_init                             - Undefined Weak Reference
    _fp_trap_shutdown                         - Undefined Weak Reference
    _get_lc_collate                           - Undefined Weak Reference
    _get_lc_ctype                             - Undefined Weak Reference
    _get_lc_monetary                          - Undefined Weak Reference
    _get_lc_numeric                           - Undefined Weak Reference
    _get_lc_time                              - Undefined Weak Reference
    _getenv_init                              - Undefined Weak Reference
    _handle_redirection                       - Undefined Weak Reference
    _init_alloc                               - Undefined Weak Reference
    _init_user_alloc                          - Undefined Weak Reference
    _initio                                   - Undefined Weak Reference
    _mutex_acquire                            - Undefined Weak Reference
    _mutex_release                            - Undefined Weak Reference
    _printf_mbtowc                            - Undefined Weak Reference
    _printf_truncate_signed                   - Undefined Weak Reference
    _printf_truncate_unsigned                 - Undefined Weak Reference
    _rand_init                                - Undefined Weak Reference
    _signal_finish                            - Undefined Weak Reference
    _signal_init                              - Undefined Weak Reference
    _terminate_alloc                          - Undefined Weak Reference
    _terminate_user_alloc                     - Undefined Weak Reference
    _terminateio                              - Undefined Weak Reference
    __Vectors_Size                           0x00000130   Number         0  startup_stm32f10x_hd.o ABSOLUTE
    __Vectors                                0x08000000   Data           4  startup_stm32f10x_hd.o(RESET)
    __Vectors_End                            0x08000130   Data           0  startup_stm32f10x_hd.o(RESET)
    __main                                   0x08000131   Thumb Code     8  __main.o(!!!main)
    __scatterload                            0x08000139   Thumb Code     0  __scatter.o(!!!scatter)
    __scatterload_rt2                        0x08000139   Thumb Code    44  __scatter.o(!!!scatter)
    __scatterload_rt2_thumb_only             0x08000139   Thumb Code     0  __scatter.o(!!!scatter)
    __scatterload_null                       0x08000147   Thumb Code     0  __scatter.o(!!!scatter)
    __scatterload_copy                       0x0800016d   Thumb Code    26  __scatter_copy.o(!!handler_copy)
    __scatterload_zeroinit                   0x08000189   Thumb Code    28  __scatter_zi.o(!!handler_zi)
    _printf_d                                0x080001a5   Thumb Code     0  _printf_d.o(.ARM.Collect$$_printf_percent$$00000009)
    _printf_percent                          0x080001a5   Thumb Code     0  _printf_percent.o(.ARM.Collect$$_printf_percent$$00000000)
    _printf_x                                0x080001ab   Thumb Code     0  _printf_x.o(.ARM.Collect$$_printf_percent$$0000000C)
    _printf_percent_end                      0x080001b1   Thumb Code     0  _printf_percent_end.o(.ARM.Collect$$_printf_percent$$00000017)
    __rt_lib_init                            0x080001b5   Thumb Code     0  libinit.o(.ARM.Collect$$libinit$$00000000)
    __rt_lib_init_alloca_1                   0x080001b7   Thumb Code     0  libinit2.o(.ARM.Collect$$libinit$$0000002E)
    __rt_lib_init_argv_1                     0x080001b7   Thumb Code     0  libinit2.o(.ARM.Collect$$libinit$$0000002C)
    __rt_lib_init_atexit_1                   0x080001b7   Thumb Code     0  libinit2.o(.ARM.Collect$$libinit$$0000001B)
    __rt_lib_init_clock_1                    0x080001b7   Thumb Code     0  libinit2.o(.ARM.Collect$$libinit$$00000021)
    __rt_lib_init_cpp_1                      0x080001b7   Thumb Code     0  libinit2.o(.ARM.Collect$$libinit$$00000032)
    __rt_lib_init_exceptions_1               0x080001b7   Thumb Code     0  libinit2.o(.ARM.Collect$$libinit$$00000030)
    __rt_lib_init_fp_1                       0x080001b7   Thumb Code     0  libinit2.o(.ARM.Collect$$libinit$$00000002)
    __rt_lib_init_fp_trap_1                  0x080001b7   Thumb Code     0  libinit2.o(.ARM.Collect$$libinit$$0000001F)
    __rt_lib_init_getenv_1                   0x080001b7   Thumb Code     0  libinit2.o(.ARM.Collect$$libinit$$00000023)
    __rt_lib_init_heap_1                     0x080001b7   Thumb Code     0  libinit2.o(.ARM.Collect$$libinit$$0000000A)
    __rt_lib_init_lc_collate_1               0x080001b7   Thumb Code     0  libinit2.o(.ARM.Collect$$libinit$$00000011)
    __rt_lib_init_lc_ctype_1                 0x080001b7   Thumb Code     0  libinit2.o(.ARM.Collect$$libinit$$00000013)
    __rt_lib_init_lc_monetary_1              0x080001b7   Thumb Code     0  libinit2.o(.ARM.Collect$$libinit$$00000015)
    __rt_lib_init_lc_numeric_1               0x080001b7   Thumb Code     0  libinit2.o(.ARM.Collect$$libinit$$00000017)
    __rt_lib_init_lc_time_1                  0x080001b7   Thumb Code     0  libinit2.o(.ARM.Collect$$libinit$$00000019)
    __rt_lib_init_preinit_1                  0x080001b7   Thumb Code     0  libinit2.o(.ARM.Collect$$libinit$$00000004)
    __rt_lib_init_rand_1                     0x080001b7   Thumb Code     0  libinit2.o(.ARM.Collect$$libinit$$0000000E)
    __rt_lib_init_return                     0x080001b7   Thumb Code     0  libinit2.o(.ARM.Collect$$libinit$$00000033)
    __rt_lib_init_signal_1                   0x080001b7   Thumb Code     0  libinit2.o(.ARM.Collect$$libinit$$0000001D)
    __rt_lib_init_stdio_1                    0x080001b7   Thumb Code     0  libinit2.o(.ARM.Collect$$libinit$$00000025)
    __rt_lib_init_user_alloc_1               0x080001b7   Thumb Code     0  libinit2.o(.ARM.Collect$$libinit$$0000000C)
    __rt_lib_shutdown                        0x080001b9   Thumb Code     0  libshutdown.o(.ARM.Collect$$libshutdown$$00000000)
    __rt_lib_shutdown_cpp_1                  0x080001bb   Thumb Code     0  libshutdown2.o(.ARM.Collect$$libshutdown$$00000002)
    __rt_lib_shutdown_fp_trap_1              0x080001bb   Thumb Code     0  libshutdown2.o(.ARM.Collect$$libshutdown$$00000007)
    __rt_lib_shutdown_heap_1                 0x080001bb   Thumb Code     0  libshutdown2.o(.ARM.Collect$$libshutdown$$0000000F)
    __rt_lib_shutdown_return                 0x080001bb   Thumb Code     0  libshutdown2.o(.ARM.Collect$$libshutdown$$00000010)
    __rt_lib_shutdown_signal_1               0x080001bb   Thumb Code     0  libshutdown2.o(.ARM.Collect$$libshutdown$$0000000A)
    __rt_lib_shutdown_stdio_1                0x080001bb   Thumb Code     0  libshutdown2.o(.ARM.Collect$$libshutdown$$00000004)
    __rt_lib_shutdown_user_alloc_1           0x080001bb   Thumb Code     0  libshutdown2.o(.ARM.Collect$$libshutdown$$0000000C)
    __rt_entry                               0x080001bd   Thumb Code     0  __rtentry.o(.ARM.Collect$$rtentry$$00000000)
    __rt_entry_presh_1                       0x080001bd   Thumb Code     0  __rtentry2.o(.ARM.Collect$$rtentry$$00000002)
    __rt_entry_sh                            0x080001bd   Thumb Code     0  __rtentry4.o(.ARM.Collect$$rtentry$$00000004)
    __rt_entry_li                            0x080001c3   Thumb Code     0  __rtentry2.o(.ARM.Collect$$rtentry$$0000000A)
    __rt_entry_postsh_1                      0x080001c3   Thumb Code     0  __rtentry2.o(.ARM.Collect$$rtentry$$00000009)
    __rt_entry_main                          0x080001c7   Thumb Code     0  __rtentry2.o(.ARM.Collect$$rtentry$$0000000D)
    __rt_entry_postli_1                      0x080001c7   Thumb Code     0  __rtentry2.o(.ARM.Collect$$rtentry$$0000000C)
    __rt_exit                                0x080001cf   Thumb Code     0  rtexit.o(.ARM.Collect$$rtexit$$00000000)
    __rt_exit_ls                             0x080001d1   Thumb Code     0  rtexit2.o(.ARM.Collect$$rtexit$$00000003)
    __rt_exit_prels_1                        0x080001d1   Thumb Code     0  rtexit2.o(.ARM.Collect$$rtexit$$00000002)
    __rt_exit_exit                           0x080001d5   Thumb Code     0  rtexit2.o(.ARM.Collect$$rtexit$$00000004)
    Reset_Handler                            0x080001dd   Thumb Code     8  startup_stm32f10x_hd.o(.text)
    ADC1_2_IRQHandler                        0x080001f7   Thumb Code     0  startup_stm32f10x_hd.o(.text)
    ADC3_IRQHandler                          0x080001f7   Thumb Code     0  startup_stm32f10x_hd.o(.text)
    CAN1_RX1_IRQHandler                      0x080001f7   Thumb Code     0  startup_stm32f10x_hd.o(.text)
    CAN1_SCE_IRQHandler                      0x080001f7   Thumb Code     0  startup_stm32f10x_hd.o(.text)
    DMA1_Channel1_IRQHandler                 0x080001f7   Thumb Code     0  startup_stm32f10x_hd.o(.text)
    DMA1_Channel2_IRQHandler                 0x080001f7   Thumb Code     0  startup_stm32f10x_hd.o(.text)
    DMA1_Channel3_IRQHandler                 0x080001f7   Thumb Code     0  startup_stm32f10x_hd.o(.text)
    DMA1_Channel4_IRQHandler                 0x080001f7   Thumb Code     0  startup_stm32f10x_hd.o(.text)
    DMA1_Channel5_IRQHandler                 0x080001f7   Thumb Code     0  startup_stm32f10x_hd.o(.text)
    DMA1_Channel6_IRQHandler                 0x080001f7   Thumb Code     0  startup_stm32f10x_hd.o(.text)
    DMA1_Channel7_IRQHandler                 0x080001f7   Thumb Code     0  startup_stm32f10x_hd.o(.text)
    DMA2_Channel1_IRQHandler                 0x080001f7   Thumb Code     0  startup_stm32f10x_hd.o(.text)
    DMA2_Channel2_IRQHandler                 0x080001f7   Thumb Code     0  startup_stm32f10x_hd.o(.text)
    DMA2_Channel3_IRQHandler                 0x080001f7   Thumb Code     0  startup_stm32f10x_hd.o(.text)
    DMA2_Channel4_5_IRQHandler               0x080001f7   Thumb Code     0  startup_stm32f10x_hd.o(.text)
    EXTI15_10_IRQHandler                     0x080001f7   Thumb Code     0  startup_stm32f10x_hd.o(.text)
    EXTI1_IRQHandler                         0x080001f7   Thumb Code     0  startup_stm32f10x_hd.o(.text)
    EXTI2_IRQHandler                         0x080001f7   Thumb Code     0  startup_stm32f10x_hd.o(.text)
    FLASH_IRQHandler                         0x080001f7   Thumb Code     0  startup_stm32f10x_hd.o(.text)
    FSMC_IRQHandler                          0x080001f7   Thumb Code     0  startup_stm32f10x_hd.o(.text)
    I2C1_ER_IRQHandler                       0x080001f7   Thumb Code     0  startup_stm32f10x_hd.o(.text)
    I2C1_EV_IRQHandler                       0x080001f7   Thumb Code     0  startup_stm32f10x_hd.o(.text)
    I2C2_ER_IRQHandler                       0x080001f7   Thumb Code     0  startup_stm32f10x_hd.o(.text)
    I2C2_EV_IRQHandler                       0x080001f7   Thumb Code     0  startup_stm32f10x_hd.o(.text)
    PVD_IRQHandler                           0x080001f7   Thumb Code     0  startup_stm32f10x_hd.o(.text)
    RCC_IRQHandler                           0x080001f7   Thumb Code     0  startup_stm32f10x_hd.o(.text)
    RTCAlarm_IRQHandler                      0x080001f7   Thumb Code     0  startup_stm32f10x_hd.o(.text)
    RTC_IRQHandler                           0x080001f7   Thumb Code     0  startup_stm32f10x_hd.o(.text)
    SPI1_IRQHandler                          0x080001f7   Thumb Code     0  startup_stm32f10x_hd.o(.text)
    SPI2_IRQHandler                          0x080001f7   Thumb Code     0  startup_stm32f10x_hd.o(.text)
    SPI3_IRQHandler                          0x080001f7   Thumb Code     0  startup_stm32f10x_hd.o(.text)
    TAMPER_IRQHandler                        0x080001f7   Thumb Code     0  startup_stm32f10x_hd.o(.text)
    TIM1_BRK_IRQHandler                      0x080001f7   Thumb Code     0  startup_stm32f10x_hd.o(.text)
    TIM1_CC_IRQHandler                       0x080001f7   Thumb Code     0  startup_stm32f10x_hd.o(.text)
    TIM1_TRG_COM_IRQHandler                  0x080001f7   Thumb Code     0  startup_stm32f10x_hd.o(.text)
    TIM1_UP_IRQHandler                       0x080001f7   Thumb Code     0  startup_stm32f10x_hd.o(.text)
    TIM2_IRQHandler                          0x080001f7   Thumb Code     0  startup_stm32f10x_hd.o(.text)
    TIM4_IRQHandler                          0x080001f7   Thumb Code     0  startup_stm32f10x_hd.o(.text)
    TIM7_IRQHandler                          0x080001f7   Thumb Code     0  startup_stm32f10x_hd.o(.text)
    TIM8_BRK_IRQHandler                      0x080001f7   Thumb Code     0  startup_stm32f10x_hd.o(.text)
    TIM8_CC_IRQHandler                       0x080001f7   Thumb Code     0  startup_stm32f10x_hd.o(.text)
    TIM8_TRG_COM_IRQHandler                  0x080001f7   Thumb Code     0  startup_stm32f10x_hd.o(.text)
    TIM8_UP_IRQHandler                       0x080001f7   Thumb Code     0  startup_stm32f10x_hd.o(.text)
    UART4_IRQHandler                         0x080001f7   Thumb Code     0  startup_stm32f10x_hd.o(.text)
    UART5_IRQHandler                         0x080001f7   Thumb Code     0  startup_stm32f10x_hd.o(.text)
    USART2_IRQHandler                        0x080001f7   Thumb Code     0  startup_stm32f10x_hd.o(.text)
    USART3_IRQHandler                        0x080001f7   Thumb Code     0  startup_stm32f10x_hd.o(.text)
    USBWakeUp_IRQHandler                     0x080001f7   Thumb Code     0  startup_stm32f10x_hd.o(.text)
    USB_HP_CAN1_TX_IRQHandler                0x080001f7   Thumb Code     0  startup_stm32f10x_hd.o(.text)
    USB_LP_CAN1_RX0_IRQHandler               0x080001f7   Thumb Code     0  startup_stm32f10x_hd.o(.text)
    WWDG_IRQHandler                          0x080001f7   Thumb Code     0  startup_stm32f10x_hd.o(.text)
    __user_initial_stackheap                 0x080001f9   Thumb Code     0  startup_stm32f10x_hd.o(.text)
    __use_no_semihosting                     0x0800021d   Thumb Code     2  use_no_semi_2.o(.text)
    __aeabi_ldivmod                          0x0800021f   Thumb Code     0  llsdiv.o(.text)
    _ll_sdiv                                 0x0800021f   Thumb Code    72  llsdiv.o(.text)
    __2printf                                0x08000269   Thumb Code    20  noretval__2printf.o(.text)
    __2sprintf                               0x08000281   Thumb Code    34  noretval__2sprintf.o(.text)
    _printf_pre_padding                      0x080002a9   Thumb Code    44  _printf_pad.o(.text)
    _printf_post_padding                     0x080002d5   Thumb Code    34  _printf_pad.o(.text)
    _printf_int_dec                          0x080002f9   Thumb Code   104  _printf_dec.o(.text)
    _printf_int_hex                          0x08000371   Thumb Code    84  _printf_hex_int.o(.text)
    _printf_longlong_hex                     0x08000371   Thumb Code     0  _printf_hex_int.o(.text)
    __printf                                 0x080003c9   Thumb Code   308  __printf_flags_wp.o(.text)
    __aeabi_memcpy                           0x08000501   Thumb Code     0  rt_memcpy_v6.o(.text)
    __rt_memcpy                              0x08000501   Thumb Code   138  rt_memcpy_v6.o(.text)
    _memcpy_lastbytes                        0x08000567   Thumb Code     0  rt_memcpy_v6.o(.text)
    __use_two_region_memory                  0x0800058b   Thumb Code     2  heapauxi.o(.text)
    __rt_heap_escrow$2region                 0x0800058d   Thumb Code     2  heapauxi.o(.text)
    __rt_heap_expand$2region                 0x0800058f   Thumb Code     2  heapauxi.o(.text)
    __I$use$semihosting                      0x08000591   Thumb Code     0  use_no_semi.o(.text)
    __use_no_semihosting_swi                 0x08000591   Thumb Code     2  use_no_semi.o(.text)
    __aeabi_uldivmod                         0x08000593   Thumb Code     0  lludivv7m.o(.text)
    _ll_udiv                                 0x08000593   Thumb Code   238  lludivv7m.o(.text)
    _printf_int_common                       0x08000681   Thumb Code   178  _printf_intcommon.o(.text)
    _printf_char_common                      0x0800073f   Thumb Code    32  _printf_char_common.o(.text)
    _sputc                                   0x08000765   Thumb Code    10  _sputc.o(.text)
    _printf_char_file                        0x08000771   Thumb Code    32  _printf_char_file.o(.text)
    __aeabi_memcpy4                          0x08000795   Thumb Code     0  rt_memcpy_w.o(.text)
    __aeabi_memcpy8                          0x08000795   Thumb Code     0  rt_memcpy_w.o(.text)
    __rt_memcpy_w                            0x08000795   Thumb Code   100  rt_memcpy_w.o(.text)
    _memcpy_lastbytes_aligned                0x080007dd   Thumb Code     0  rt_memcpy_w.o(.text)
    ferror                                   0x080007f9   Thumb Code     8  ferror.o(.text)
    __user_setup_stackheap                   0x08000801   Thumb Code    74  sys_stackheap_outer.o(.text)
    exit                                     0x0800084b   Thumb Code    18  exit.o(.text)
    __user_libspace                          0x0800085d   Thumb Code     8  libspace.o(.text)
    __user_perproc_libspace                  0x0800085d   Thumb Code     0  libspace.o(.text)
    __user_perthread_libspace                0x0800085d   Thumb Code     0  libspace.o(.text)
    BEEP_Init                                0x08000865   Thumb Code    38  beep.o(i.BEEP_Init)
    BusFault_Handler                         0x08000899   Thumb Code     2  stm32f10x_it.o(i.BusFault_Handler)
    CmdError                                 0x0800089b   Thumb Code    42  sdio_sdcard.o(i.CmdError)
    CmdResp1Error                            0x080008c5   Thumb Code    74  sdio_sdcard.o(i.CmdResp1Error)
    CmdResp2Error                            0x08000915   Thumb Code    66  sdio_sdcard.o(i.CmdResp2Error)
    CmdResp3Error                            0x0800095d   Thumb Code    42  sdio_sdcard.o(i.CmdResp3Error)
    CmdResp6Error                            0x0800098d   Thumb Code   114  sdio_sdcard.o(i.CmdResp6Error)
    CmdResp7Error                            0x08000a05   Thumb Code    54  sdio_sdcard.o(i.CmdResp7Error)
    DMA_Cmd                                  0x08000a41   Thumb Code    22  stm32f10x_dma.o(i.DMA_Cmd)
    DMA_DeInit                               0x08000a59   Thumb Code   218  stm32f10x_dma.o(i.DMA_DeInit)
    DMA_Init                                 0x08000b3d   Thumb Code    58  stm32f10x_dma.o(i.DMA_Init)
    DebugMon_Handler                         0x08000b77   Thumb Code     2  stm32f10x_it.o(i.DebugMon_Handler)
    ESP8266_Init                             0x08000b79   Thumb Code   304  main.o(i.ESP8266_Init)
    EXTI0_IRQHandler                         0x08000d71   Thumb Code    48  exti.o(i.EXTI0_IRQHandler)
    EXTI3_IRQHandler                         0x08000da9   Thumb Code    46  exti.o(i.EXTI3_IRQHandler)
    EXTI4_IRQHandler                         0x08000de1   Thumb Code    46  exti.o(i.EXTI4_IRQHandler)
    EXTI8_Init                               0x08000e19   Thumb Code    66  exti.o(i.EXTI8_Init)
    EXTI9_5_IRQHandler                       0x08000e5d   Thumb Code    54  exti.o(i.EXTI9_5_IRQHandler)
    EXTI_ClearITPendingBit                   0x08000ea1   Thumb Code     6  stm32f10x_exti.o(i.EXTI_ClearITPendingBit)
    EXTI_GetITStatus                         0x08000ead   Thumb Code    28  stm32f10x_exti.o(i.EXTI_GetITStatus)
    EXTI_Init                                0x08000ecd   Thumb Code   108  stm32f10x_exti.o(i.EXTI_Init)
    FSMC_NORSRAMCmd                          0x08000f3d   Thumb Code    26  stm32f10x_fsmc.o(i.FSMC_NORSRAMCmd)
    FSMC_NORSRAMInit                         0x08000f5d   Thumb Code   200  stm32f10x_fsmc.o(i.FSMC_NORSRAMInit)
    FindSCR                                  0x08001025   Thumb Code   300  sdio_sdcard.o(i.FindSCR)
    GPIO_EXTILineConfig                      0x0800115d   Thumb Code    34  stm32f10x_gpio.o(i.GPIO_EXTILineConfig)
    GPIO_Init                                0x08001185   Thumb Code   156  stm32f10x_gpio.o(i.GPIO_Init)
    GPIO_PinRemapConfig                      0x08001221   Thumb Code    82  stm32f10x_gpio.o(i.GPIO_PinRemapConfig)
    GPIO_ReadInputDataBit                    0x08001279   Thumb Code    14  stm32f10x_gpio.o(i.GPIO_ReadInputDataBit)
    GPIO_SetBits                             0x08001287   Thumb Code     4  stm32f10x_gpio.o(i.GPIO_SetBits)
    Get_HzMat                                0x0800128d   Thumb Code   134  text.o(i.Get_HzMat)
    HardFault_Handler                        0x08001319   Thumb Code     2  stm32f10x_it.o(i.HardFault_Handler)
    INTX_DISABLE                             0x0800131b   Thumb Code     4  sys.o(i.INTX_DISABLE)
    INTX_ENABLE                              0x0800131f   Thumb Code     4  sys.o(i.INTX_ENABLE)
    IsCardProgramming                        0x08001325   Thumb Code   126  sdio_sdcard.o(i.IsCardProgramming)
    KEY_Init                                 0x080013b1   Thumb Code    52  key.o(i.KEY_Init)
    KEY_Scan                                 0x080013ed   Thumb Code   154  key.o(i.KEY_Scan)
    LCD_BGR2RGB                              0x08001495   Thumb Code    18  lcd.o(i.LCD_BGR2RGB)
    LCD_Clear                                0x080014a9   Thumb Code   100  lcd.o(i.LCD_Clear)
    LCD_Display_Dir                          0x08001515   Thumb Code   304  lcd.o(i.LCD_Display_Dir)
    LCD_Fast_DrawPoint                       0x08001649   Thumb Code   278  lcd.o(i.LCD_Fast_DrawPoint)
    LCD_Fill                                 0x08001769   Thumb Code   132  lcd.o(i.LCD_Fill)
    LCD_Init                                 0x080017f5   Thumb Code 11816  lcd.o(i.LCD_Init)
    LCD_RD_DATA                              0x08004621   Thumb Code    16  lcd.o(i.LCD_RD_DATA)
    LCD_ReadPoint                            0x08004635   Thumb Code   260  lcd.o(i.LCD_ReadPoint)
    LCD_ReadReg                              0x08004741   Thumb Code    20  lcd.o(i.LCD_ReadReg)
    LCD_SSD_BackLightSet                     0x08004759   Thumb Code    50  lcd.o(i.LCD_SSD_BackLightSet)
    LCD_Scan_Dir                             0x08004795   Thumb Code   414  lcd.o(i.LCD_Scan_Dir)
    LCD_SetCursor                            0x0800493d   Thumb Code   320  lcd.o(i.LCD_SetCursor)
    LCD_Set_Window                           0x08004a85   Thumb Code   370  lcd.o(i.LCD_Set_Window)
    LCD_ShowChar                             0x08004c01   Thumb Code   182  lcd.o(i.LCD_ShowChar)
    LCD_ShowString                           0x08004ccd   Thumb Code    84  lcd.o(i.LCD_ShowString)
    LCD_WriteRAM_Prepare                     0x08004d21   Thumb Code    10  lcd.o(i.LCD_WriteRAM_Prepare)
    LCD_WriteReg                             0x08004d35   Thumb Code    10  lcd.o(i.LCD_WriteReg)
    LED_Init                                 0x08004d45   Thumb Code    70  led.o(i.LED_Init)
    MemManage_Handler                        0x08004d95   Thumb Code     2  stm32f10x_it.o(i.MemManage_Handler)
    My_USARTSend                             0x08004d99   Thumb Code    78  main.o(i.My_USARTSend)
    My_USARTSendstop                         0x08004ded   Thumb Code    38  main.o(i.My_USARTSendstop)
    NMI_Handler                              0x08004e19   Thumb Code     2  stm32f10x_it.o(i.NMI_Handler)
    NVIC_Init                                0x08004e1d   Thumb Code    94  misc.o(i.NVIC_Init)
    NVIC_PriorityGroupConfig                 0x08004e81   Thumb Code    10  misc.o(i.NVIC_PriorityGroupConfig)
    OV7670_Init                              0x08004e95   Thumb Code   242  ov7670.o(i.OV7670_Init)
    OV7670_Window_Set                        0x08004fa5   Thumb Code   110  ov7670.o(i.OV7670_Window_Set)
    PendSV_Handler                           0x08005013   Thumb Code     2  stm32f10x_it.o(i.PendSV_Handler)
    RCC_AHBPeriphClockCmd                    0x08005015   Thumb Code    18  stm32f10x_rcc.o(i.RCC_AHBPeriphClockCmd)
    RCC_APB1PeriphClockCmd                   0x0800502d   Thumb Code    18  stm32f10x_rcc.o(i.RCC_APB1PeriphClockCmd)
    RCC_APB2PeriphClockCmd                   0x08005045   Thumb Code    18  stm32f10x_rcc.o(i.RCC_APB2PeriphClockCmd)
    RCC_GetClocksFreq                        0x0800505d   Thumb Code   132  stm32f10x_rcc.o(i.RCC_GetClocksFreq)
    SCCB_Init                                0x080050f1   Thumb Code    98  sccb.o(i.SCCB_Init)
    SCCB_No_Ack                              0x0800515d   Thumb Code    58  sccb.o(i.SCCB_No_Ack)
    SCCB_RD_Byte                             0x080051a1   Thumb Code   102  sccb.o(i.SCCB_RD_Byte)
    SCCB_RD_Reg                              0x08005215   Thumb Code    76  sccb.o(i.SCCB_RD_Reg)
    SCCB_Start                               0x08005261   Thumb Code    44  sccb.o(i.SCCB_Start)
    SCCB_Stop                                0x08005295   Thumb Code    46  sccb.o(i.SCCB_Stop)
    SCCB_WR_Byte                             0x080052cd   Thumb Code   130  sccb.o(i.SCCB_WR_Byte)
    SCCB_WR_Reg                              0x0800535d   Thumb Code    62  sccb.o(i.SCCB_WR_Reg)
    SDEnWideBus                              0x0800539d   Thumb Code   126  sdio_sdcard.o(i.SDEnWideBus)
    SDIO_ClearFlag                           0x08005429   Thumb Code     6  stm32f10x_sdio.o(i.SDIO_ClearFlag)
    SDIO_ClockCmd                            0x08005435   Thumb Code     8  stm32f10x_sdio.o(i.SDIO_ClockCmd)
    SDIO_Clock_Set                           0x08005441   Thumb Code    14  sdio_sdcard.o(i.SDIO_Clock_Set)
    SDIO_DMACmd                              0x08005455   Thumb Code     6  stm32f10x_sdio.o(i.SDIO_DMACmd)
    SDIO_DataConfig                          0x08005461   Thumb Code    38  stm32f10x_sdio.o(i.SDIO_DataConfig)
    SDIO_DeInit                              0x0800548d   Thumb Code    26  stm32f10x_sdio.o(i.SDIO_DeInit)
    SDIO_GetFlagStatus                       0x080054b1   Thumb Code    16  stm32f10x_sdio.o(i.SDIO_GetFlagStatus)
    SDIO_GetPowerState                       0x080054c5   Thumb Code    10  stm32f10x_sdio.o(i.SDIO_GetPowerState)
    SDIO_IRQHandler                          0x080054d5   Thumb Code     4  sdio_sdcard.o(i.SDIO_IRQHandler)
    SDIO_Init                                0x080054d9   Thumb Code    40  stm32f10x_sdio.o(i.SDIO_Init)
    SDIO_ReadData                            0x08005505   Thumb Code     8  stm32f10x_sdio.o(i.SDIO_ReadData)
    SDIO_SendCommand                         0x08005511   Thumb Code    34  stm32f10x_sdio.o(i.SDIO_SendCommand)
    SDIO_SetPowerState                       0x08005539   Thumb Code    18  stm32f10x_sdio.o(i.SDIO_SetPowerState)
    SDIO_WriteData                           0x08005551   Thumb Code     8  stm32f10x_sdio.o(i.SDIO_WriteData)
    SD_DMA_Config                            0x0800555d   Thumb Code    88  sdio_sdcard.o(i.SD_DMA_Config)
    SD_EnableWideBusOperation                0x080055bd   Thumb Code    68  sdio_sdcard.o(i.SD_EnableWideBusOperation)
    SD_GetCardInfo                           0x08005609   Thumb Code   526  sdio_sdcard.o(i.SD_GetCardInfo)
    SD_Init                                  0x08005821   Thumb Code   206  sdio_sdcard.o(i.SD_Init)
    SD_InitializeCards                       0x08005901   Thumb Code   262  sdio_sdcard.o(i.SD_InitializeCards)
    SD_PowerON                               0x08005a15   Thumb Code   390  sdio_sdcard.o(i.SD_PowerON)
    SD_ProcessIRQSrc                         0x08005bb1   Thumb Code   220  sdio_sdcard.o(i.SD_ProcessIRQSrc)
    SD_ReadBlock                             0x08005c99   Thumb Code   482  sdio_sdcard.o(i.SD_ReadBlock)
    SD_ReadDisk                              0x08005e91   Thumb Code   114  sdio_sdcard.o(i.SD_ReadDisk)
    SD_ReadMultiBlocks                       0x08005f09   Thumb Code   586  sdio_sdcard.o(i.SD_ReadMultiBlocks)
    SD_SelectDeselect                        0x08006169   Thumb Code    40  sdio_sdcard.o(i.SD_SelectDeselect)
    SD_SetDeviceMode                         0x08006195   Thumb Code    20  sdio_sdcard.o(i.SD_SetDeviceMode)
    SD_WriteBlock                            0x080061ad   Thumb Code   698  sdio_sdcard.o(i.SD_WriteBlock)
    SD_WriteDisk                             0x08006479   Thumb Code   108  sdio_sdcard.o(i.SD_WriteDisk)
    SD_WriteMultiBlocks                      0x080064e9   Thumb Code   722  sdio_sdcard.o(i.SD_WriteMultiBlocks)
    SPI2_Init                                0x080067cd   Thumb Code   138  spi.o(i.SPI2_Init)
    SPI2_ReadWriteByte                       0x08006861   Thumb Code    76  spi.o(i.SPI2_ReadWriteByte)
    SPI2_SetSpeed                            0x080068b1   Thumb Code    24  spi.o(i.SPI2_SetSpeed)
    SPI_Cmd                                  0x080068cd   Thumb Code    20  stm32f10x_spi.o(i.SPI_Cmd)
    SPI_I2S_GetFlagStatus                    0x080068e1   Thumb Code    14  stm32f10x_spi.o(i.SPI_I2S_GetFlagStatus)
    SPI_I2S_ReceiveData                      0x080068ef   Thumb Code     4  stm32f10x_spi.o(i.SPI_I2S_ReceiveData)
    SPI_I2S_SendData                         0x080068f3   Thumb Code     4  stm32f10x_spi.o(i.SPI_I2S_SendData)
    SPI_Init                                 0x080068f7   Thumb Code    56  stm32f10x_spi.o(i.SPI_Init)
    SVC_Handler                              0x0800692f   Thumb Code     2  stm32f10x_it.o(i.SVC_Handler)
    Show_Font                                0x080069d9   Thumb Code   154  text.o(i.Show_Font)
    Show_Str                                 0x08006a7d   Thumb Code   174  text.o(i.Show_Str)
    SysTick_CLKSourceConfig                  0x08006b2b   Thumb Code    24  misc.o(i.SysTick_CLKSourceConfig)
    SysTick_Handler                          0x08006b43   Thumb Code     2  stm32f10x_it.o(i.SysTick_Handler)
    SystemInit                               0x08006b45   Thumb Code    64  system_stm32f10x.o(i.SystemInit)
    TIM3_IRQHandler                          0x08006b95   Thumb Code    44  timer.o(i.TIM3_IRQHandler)
    TIM5_IRQHandler                          0x08006bc9   Thumb Code   128  timer.o(i.TIM5_IRQHandler)
    TIM6_IRQHandler                          0x08006c51   Thumb Code    40  timer.o(i.TIM6_IRQHandler)
    TIM_ClearITPendingBit                    0x08006c91   Thumb Code     6  stm32f10x_tim.o(i.TIM_ClearITPendingBit)
    TIM_GetCapture1                          0x08006c97   Thumb Code     4  stm32f10x_tim.o(i.TIM_GetCapture1)
    TIM_GetITStatus                          0x08006c9b   Thumb Code    24  stm32f10x_tim.o(i.TIM_GetITStatus)
    TIM_OC1PolarityConfig                    0x08006cb3   Thumb Code    12  stm32f10x_tim.o(i.TIM_OC1PolarityConfig)
    TIM_SetCounter                           0x08006cbf   Thumb Code     4  stm32f10x_tim.o(i.TIM_SetCounter)
    USART1_IRQHandler                        0x08006cc5   Thumb Code    88  usart.o(i.USART1_IRQHandler)
    USART_Cmd                                0x08006d29   Thumb Code    20  stm32f10x_usart.o(i.USART_Cmd)
    USART_GetFlagStatus                      0x08006d3d   Thumb Code    14  stm32f10x_usart.o(i.USART_GetFlagStatus)
    USART_GetITStatus                        0x08006d4b   Thumb Code    62  stm32f10x_usart.o(i.USART_GetITStatus)
    USART_ITConfig                           0x08006d89   Thumb Code    48  stm32f10x_usart.o(i.USART_ITConfig)
    USART_Init                               0x08006db9   Thumb Code   166  stm32f10x_usart.o(i.USART_Init)
    USART_ReceiveData                        0x08006e65   Thumb Code     8  stm32f10x_usart.o(i.USART_ReceiveData)
    USART_SendData                           0x08006e6d   Thumb Code     8  stm32f10x_usart.o(i.USART_SendData)
    UsageFault_Handler                       0x08006e75   Thumb Code     2  stm32f10x_it.o(i.UsageFault_Handler)
    W25QXX_Erase_Sector                      0x08006e79   Thumb Code    74  w25qxx.o(i.W25QXX_Erase_Sector)
    W25QXX_Init                              0x08006ed1   Thumb Code    76  w25qxx.o(i.W25QXX_Init)
    W25QXX_Read                              0x08006f29   Thumb Code    76  w25qxx.o(i.W25QXX_Read)
    W25QXX_ReadID                            0x08006f79   Thumb Code    62  w25qxx.o(i.W25QXX_ReadID)
    W25QXX_ReadSR                            0x08006fbd   Thumb Code    32  w25qxx.o(i.W25QXX_ReadSR)
    W25QXX_Wait_Busy                         0x08006fe1   Thumb Code    12  w25qxx.o(i.W25QXX_Wait_Busy)
    W25QXX_Write                             0x08006fed   Thumb Code   150  w25qxx.o(i.W25QXX_Write)
    W25QXX_Write_Enable                      0x08007089   Thumb Code    26  w25qxx.o(i.W25QXX_Write_Enable)
    W25QXX_Write_NoCheck                     0x080070a9   Thumb Code    62  w25qxx.o(i.W25QXX_Write_NoCheck)
    W25QXX_Write_Page                        0x080070e9   Thumb Code    82  w25qxx.o(i.W25QXX_Write_Page)
    _is_digit                                0x08007141   Thumb Code    14  __printf_wp.o(i._is_digit)
    _sys_exit                                0x0800714f   Thumb Code     2  usart.o(i._sys_exit)
    bmp_encode                               0x08007151   Thumb Code   416  bmp.o(i.bmp_encode)
    camera_new_pathname                      0x080072f9   Thumb Code    50  main.o(i.camera_new_pathname)
    camera_refresh                           0x08007345   Thumb Code   230  main.o(i.camera_refresh)
    clust2sect                               0x080074d9   Thumb Code    24  ff.o(i.clust2sect)
    convert_from_bytes_to_power_of_two       0x080074f1   Thumb Code    18  sdio_sdcard.o(i.convert_from_bytes_to_power_of_two)
    delay_init                               0x080077b9   Thumb Code    46  delay.o(i.delay_init)
    delay_ms                                 0x080077f5   Thumb Code    46  delay.o(i.delay_ms)
    delay_us                                 0x08007829   Thumb Code    46  delay.o(i.delay_us)
    dir_sdi                                  0x08007c19   Thumb Code   124  ff.o(i.dir_sdi)
    disk_initialize                          0x08007c95   Thumb Code    36  diskio.o(i.disk_initialize)
    disk_ioctl                               0x08007cbd   Thumb Code   106  diskio.o(i.disk_ioctl)
    disk_read                                0x08007d31   Thumb Code    76  diskio.o(i.disk_read)
    disk_status                              0x08007d7d   Thumb Code     4  diskio.o(i.disk_status)
    disk_write                               0x08007d81   Thumb Code    76  diskio.o(i.disk_write)
    exfuns_init                              0x08007dcd   Thumb Code    94  exfuns.o(i.exfuns_init)
    f_close                                  0x08007e31   Thumb Code    28  ff.o(i.f_close)
    f_mkdir                                  0x08007e4d   Thumb Code   384  ff.o(i.f_mkdir)
    f_mount                                  0x08007fcd   Thumb Code    72  ff.o(i.f_mount)
    f_open                                   0x08008019   Thumb Code   344  ff.o(i.f_open)
    f_sync                                   0x08008171   Thumb Code   152  ff.o(i.f_sync)
    f_write                                  0x08008209   Thumb Code   384  ff.o(i.f_write)
    ff_convert                               0x08008389   Thumb Code   106  mycc936.o(i.ff_convert)
    ff_memalloc                              0x080083f9   Thumb Code     8  diskio.o(i.ff_memalloc)
    ff_memfree                               0x08008401   Thumb Code     8  diskio.o(i.ff_memfree)
    ff_wtoupper                              0x08008409   Thumb Code    28  mycc936.o(i.ff_wtoupper)
    font_init                                0x080086cd   Thumb Code    58  fontupd.o(i.font_init)
    fputc                                    0x0800870d   Thumb Code    18  usart.o(i.fputc)
    get_fat                                  0x080087b1   Thumb Code   190  ff.o(i.get_fat)
    get_fattime                              0x0800886f   Thumb Code     4  diskio.o(i.get_fattime)
    main                                     0x080088c1   Thumb Code  1328  main.o(i.main)
    my_mem_free                              0x08008e41   Thumb Code    78  malloc.o(i.my_mem_free)
    my_mem_init                              0x08008e99   Thumb Code    50  malloc.o(i.my_mem_init)
    my_mem_malloc                            0x08008ed5   Thumb Code   130  malloc.o(i.my_mem_malloc)
    my_mem_perused                           0x08008f61   Thumb Code    48  malloc.o(i.my_mem_perused)
    myfree                                   0x08008f99   Thumb Code    20  malloc.o(i.myfree)
    mymalloc                                 0x08008fb1   Thumb Code    28  malloc.o(i.mymalloc)
    mymemset                                 0x08008fd1   Thumb Code    12  malloc.o(i.mymemset)
    pic_memalloc                             0x08008fdd   Thumb Code     8  piclib.o(i.pic_memalloc)
    pic_memfree                              0x08008fe5   Thumb Code     8  piclib.o(i.pic_memfree)
    put_fat                                  0x08008fed   Thumb Code   244  ff.o(i.put_fat)
    uart_init                                0x08009271   Thumb Code   152  usart.o(i.uart_init)
    __aeabi_d2uiz                            0x08009339   Thumb Code     0  dfixu.o(x$fpl$dfixu)
    _dfixu                                   0x08009339   Thumb Code    90  dfixu.o(x$fpl$dfixu)
    __aeabi_ui2d                             0x08009393   Thumb Code     0  dflt_clz.o(x$fpl$dfltu)
    _dfltu                                   0x08009393   Thumb Code    38  dflt_clz.o(x$fpl$dfltu)
    __aeabi_dmul                             0x080093b9   Thumb Code     0  dmul.o(x$fpl$dmul)
    _dmul                                    0x080093b9   Thumb Code   332  dmul.o(x$fpl$dmul)
    __fpl_dnaninf                            0x0800950d   Thumb Code   156  dnaninf.o(x$fpl$dnaninf)
    __fpl_dretinf                            0x080095a9   Thumb Code    12  dretinf.o(x$fpl$dretinf)
    __I$use$fp                               0x080095b4   Number         0  usenofp.o(x$fpl$usenofp)
    asc2_1206                                0x080095b4   Data        1140  lcd.o(.constdata)
    asc2_1608                                0x08009a28   Data        1520  lcd.o(.constdata)
    asc2_2412                                0x0800a018   Data        3420  lcd.o(.constdata)
    ov7670_init_reg_tbl                      0x0800ad74   Data         336  ov7670.o(.constdata)
    memtblsize                               0x0800aec4   Data           8  malloc.o(.constdata)
    memblksize                               0x0800aecc   Data           8  malloc.o(.constdata)
    memsize                                  0x0800aed4   Data           8  malloc.o(.constdata)
    Region$$Table$$Base                      0x0800b310   Number         0  anon$$obj.o(Region$$Table)
    Region$$Table$$Limit                     0x0800b330   Number         0  anon$$obj.o(Region$$Table)
    SystemCoreClock                          0x20000000   Data           4  system_stm32f10x.o(.data)
    AHBPrescTable                            0x20000004   Data          16  system_stm32f10x.o(.data)
    POINT_COLOR                              0x20000016   Data           2  lcd.o(.data)
    BACK_COLOR                               0x20000018   Data           2  lcd.o(.data)
    W25QXX_TYPE                              0x2000001a   Data           2  w25qxx.o(.data)
    TransferError                            0x2000001f   Data           1  sdio_sdcard.o(.data)
    TransferEnd                              0x20000020   Data           1  sdio_sdcard.o(.data)
    tempbuff                                 0x20000028   Data           4  sdio_sdcard.o(.data)
    ov_sta                                   0x2000002c   Data           1  exti.o(.data)
    TIM5CH1_CAPTURE_STA                      0x2000002e   Data           1  timer.o(.data)
    ov_frame                                 0x2000002f   Data           1  timer.o(.data)
    TIM5CH1_CAPTURE_VAL                      0x20000030   Data           2  timer.o(.data)
    USART_RX_STA                             0x20000036   Data           2  usart.o(.data)
    __stdout                                 0x20000038   Data           4  usart.o(.data)
    mallco_dev                               0x20000050   Data          28  malloc.o(.data)
    FLASH_SECTOR_COUNT                       0x2000006c   Data           2  diskio.o(.data)
    file                                     0x2000007c   Data           4  exfuns.o(.data)
    ftemp                                    0x20000080   Data           4  exfuns.o(.data)
    fatbuf                                   0x20000084   Data           4  exfuns.o(.data)
    fs                                       0x20000088   Data           8  exfuns.o(.data)
    bw                                       0x20000090   Data           4  exfuns.o(.data)
    lcddev                                   0x20000094   Data          14  lcd.o(.bss)
    W25QXX_BUFFER                            0x200000a2   Data        4096  w25qxx.o(.bss)
    SDIO_InitStructure                       0x200010a8   Data          24  sdio_sdcard.o(.bss)
    SDIO_CmdInitStructure                    0x200010c0   Data          20  sdio_sdcard.o(.bss)
    SDIO_DataInitStructure                   0x200010d4   Data          24  sdio_sdcard.o(.bss)
    SDCardInfo                               0x20001110   Data          88  sdio_sdcard.o(.bss)
    SDIO_DATA_BUFFER                         0x20001168   Data         512  sdio_sdcard.o(.bss)
    USART_RX_BUF                             0x20001368   Data         200  usart.o(.bss)
    mem1base                                 0x20001440   Data       40960  malloc.o(.bss)
    mem1mapbase                              0x2000b440   Data        2560  malloc.o(.bss)
    ftinfo                                   0x2000be40   Data          33  fontupd.o(.bss)
    __libspace_start                         0x2000be64   Data          96  libspace.o(.bss)
    __temporary_stack_top$libspace           0x2000bec4   Data           0  libspace.o(.bss)
    mem2base                                 0x68000000   Data          32  malloc.o(.ARM.__AT_0x68000000)
    mem2mapbase                              0x68000020   Data           2  malloc.o(.ARM.__AT_0x68000020)



==============================================================================

Memory Map of the image

  Image Entry point : 0x08000131

  Load Region LR_IROM1 (Base: 0x08000000, Size: 0x0000b3c4, Max: 0x00080000, ABSOLUTE)

    Execution Region ER_IROM1 (Exec base: 0x08000000, Load base: 0x08000000, Size: 0x0000b330, Max: 0x00080000, ABSOLUTE)

    Exec Addr    Load Addr    Size         Type   Attr      Idx    E Section Name        Object

    0x08000000   0x08000000   0x00000130   Data   RO         1282    RESET               startup_stm32f10x_hd.o
    0x08000130   0x08000130   0x00000008   Code   RO         4043  * !!!main             c_w.l(__main.o)
    0x08000138   0x08000138   0x00000034   Code   RO         4286    !!!scatter          c_w.l(__scatter.o)
    0x0800016c   0x0800016c   0x0000001a   Code   RO         4288    !!handler_copy      c_w.l(__scatter_copy.o)
    0x08000186   0x08000186   0x00000002   PAD
    0x08000188   0x08000188   0x0000001c   Code   RO         4290    !!handler_zi        c_w.l(__scatter_zi.o)
    0x080001a4   0x080001a4   0x00000000   Code   RO         4030    .ARM.Collect$$_printf_percent$$00000000  c_w.l(_printf_percent.o)
    0x080001a4   0x080001a4   0x00000006   Code   RO         4029    .ARM.Collect$$_printf_percent$$00000009  c_w.l(_printf_d.o)
    0x080001aa   0x080001aa   0x00000006   Code   RO         4028    .ARM.Collect$$_printf_percent$$0000000C  c_w.l(_printf_x.o)
    0x080001b0   0x080001b0   0x00000004   Code   RO         4100    .ARM.Collect$$_printf_percent$$00000017  c_w.l(_printf_percent_end.o)
    0x080001b4   0x080001b4   0x00000002   Code   RO         4154    .ARM.Collect$$libinit$$00000000  c_w.l(libinit.o)
    0x080001b6   0x080001b6   0x00000000   Code   RO         4167    .ARM.Collect$$libinit$$00000002  c_w.l(libinit2.o)
    0x080001b6   0x080001b6   0x00000000   Code   RO         4169    .ARM.Collect$$libinit$$00000004  c_w.l(libinit2.o)
    0x080001b6   0x080001b6   0x00000000   Code   RO         4172    .ARM.Collect$$libinit$$0000000A  c_w.l(libinit2.o)
    0x080001b6   0x080001b6   0x00000000   Code   RO         4174    .ARM.Collect$$libinit$$0000000C  c_w.l(libinit2.o)
    0x080001b6   0x080001b6   0x00000000   Code   RO         4176    .ARM.Collect$$libinit$$0000000E  c_w.l(libinit2.o)
    0x080001b6   0x080001b6   0x00000000   Code   RO         4179    .ARM.Collect$$libinit$$00000011  c_w.l(libinit2.o)
    0x080001b6   0x080001b6   0x00000000   Code   RO         4181    .ARM.Collect$$libinit$$00000013  c_w.l(libinit2.o)
    0x080001b6   0x080001b6   0x00000000   Code   RO         4183    .ARM.Collect$$libinit$$00000015  c_w.l(libinit2.o)
    0x080001b6   0x080001b6   0x00000000   Code   RO         4185    .ARM.Collect$$libinit$$00000017  c_w.l(libinit2.o)
    0x080001b6   0x080001b6   0x00000000   Code   RO         4187    .ARM.Collect$$libinit$$00000019  c_w.l(libinit2.o)
    0x080001b6   0x080001b6   0x00000000   Code   RO         4189    .ARM.Collect$$libinit$$0000001B  c_w.l(libinit2.o)
    0x080001b6   0x080001b6   0x00000000   Code   RO         4191    .ARM.Collect$$libinit$$0000001D  c_w.l(libinit2.o)
    0x080001b6   0x080001b6   0x00000000   Code   RO         4193    .ARM.Collect$$libinit$$0000001F  c_w.l(libinit2.o)
    0x080001b6   0x080001b6   0x00000000   Code   RO         4195    .ARM.Collect$$libinit$$00000021  c_w.l(libinit2.o)
    0x080001b6   0x080001b6   0x00000000   Code   RO         4197    .ARM.Collect$$libinit$$00000023  c_w.l(libinit2.o)
    0x080001b6   0x080001b6   0x00000000   Code   RO         4199    .ARM.Collect$$libinit$$00000025  c_w.l(libinit2.o)
    0x080001b6   0x080001b6   0x00000000   Code   RO         4203    .ARM.Collect$$libinit$$0000002C  c_w.l(libinit2.o)
    0x080001b6   0x080001b6   0x00000000   Code   RO         4205    .ARM.Collect$$libinit$$0000002E  c_w.l(libinit2.o)
    0x080001b6   0x080001b6   0x00000000   Code   RO         4207    .ARM.Collect$$libinit$$00000030  c_w.l(libinit2.o)
    0x080001b6   0x080001b6   0x00000000   Code   RO         4209    .ARM.Collect$$libinit$$00000032  c_w.l(libinit2.o)
    0x080001b6   0x080001b6   0x00000002   Code   RO         4210    .ARM.Collect$$libinit$$00000033  c_w.l(libinit2.o)
    0x080001b8   0x080001b8   0x00000002   Code   RO         4238    .ARM.Collect$$libshutdown$$00000000  c_w.l(libshutdown.o)
    0x080001ba   0x080001ba   0x00000000   Code   RO         4252    .ARM.Collect$$libshutdown$$00000002  c_w.l(libshutdown2.o)
    0x080001ba   0x080001ba   0x00000000   Code   RO         4254    .ARM.Collect$$libshutdown$$00000004  c_w.l(libshutdown2.o)
    0x080001ba   0x080001ba   0x00000000   Code   RO         4257    .ARM.Collect$$libshutdown$$00000007  c_w.l(libshutdown2.o)
    0x080001ba   0x080001ba   0x00000000   Code   RO         4260    .ARM.Collect$$libshutdown$$0000000A  c_w.l(libshutdown2.o)
    0x080001ba   0x080001ba   0x00000000   Code   RO         4262    .ARM.Collect$$libshutdown$$0000000C  c_w.l(libshutdown2.o)
    0x080001ba   0x080001ba   0x00000000   Code   RO         4265    .ARM.Collect$$libshutdown$$0000000F  c_w.l(libshutdown2.o)
    0x080001ba   0x080001ba   0x00000002   Code   RO         4266    .ARM.Collect$$libshutdown$$00000010  c_w.l(libshutdown2.o)
    0x080001bc   0x080001bc   0x00000000   Code   RO         4087    .ARM.Collect$$rtentry$$00000000  c_w.l(__rtentry.o)
    0x080001bc   0x080001bc   0x00000000   Code   RO         4117    .ARM.Collect$$rtentry$$00000002  c_w.l(__rtentry2.o)
    0x080001bc   0x080001bc   0x00000006   Code   RO         4129    .ARM.Collect$$rtentry$$00000004  c_w.l(__rtentry4.o)
    0x080001c2   0x080001c2   0x00000000   Code   RO         4119    .ARM.Collect$$rtentry$$00000009  c_w.l(__rtentry2.o)
    0x080001c2   0x080001c2   0x00000004   Code   RO         4120    .ARM.Collect$$rtentry$$0000000A  c_w.l(__rtentry2.o)
    0x080001c6   0x080001c6   0x00000000   Code   RO         4122    .ARM.Collect$$rtentry$$0000000C  c_w.l(__rtentry2.o)
    0x080001c6   0x080001c6   0x00000008   Code   RO         4123    .ARM.Collect$$rtentry$$0000000D  c_w.l(__rtentry2.o)
    0x080001ce   0x080001ce   0x00000002   Code   RO         4160    .ARM.Collect$$rtexit$$00000000  c_w.l(rtexit.o)
    0x080001d0   0x080001d0   0x00000000   Code   RO         4212    .ARM.Collect$$rtexit$$00000002  c_w.l(rtexit2.o)
    0x080001d0   0x080001d0   0x00000004   Code   RO         4213    .ARM.Collect$$rtexit$$00000003  c_w.l(rtexit2.o)
    0x080001d4   0x080001d4   0x00000006   Code   RO         4214    .ARM.Collect$$rtexit$$00000004  c_w.l(rtexit2.o)
    0x080001da   0x080001da   0x00000002   PAD
    0x080001dc   0x080001dc   0x00000040   Code   RO         1283    .text               startup_stm32f10x_hd.o
    0x0800021c   0x0800021c   0x00000002   Code   RO         3965    .text               c_w.l(use_no_semi_2.o)
    0x0800021e   0x0800021e   0x00000048   Code   RO         3967    .text               c_w.l(llsdiv.o)
    0x08000266   0x08000266   0x00000002   PAD
    0x08000268   0x08000268   0x00000018   Code   RO         3973    .text               c_w.l(noretval__2printf.o)
    0x08000280   0x08000280   0x00000028   Code   RO         3975    .text               c_w.l(noretval__2sprintf.o)
    0x080002a8   0x080002a8   0x0000004e   Code   RO         3979    .text               c_w.l(_printf_pad.o)
    0x080002f6   0x080002f6   0x00000002   PAD
    0x080002f8   0x080002f8   0x00000078   Code   RO         3983    .text               c_w.l(_printf_dec.o)
    0x08000370   0x08000370   0x00000058   Code   RO         3988    .text               c_w.l(_printf_hex_int.o)
    0x080003c8   0x080003c8   0x00000138   Code   RO         4018    .text               c_w.l(__printf_flags_wp.o)
    0x08000500   0x08000500   0x0000008a   Code   RO         4037    .text               c_w.l(rt_memcpy_v6.o)
    0x0800058a   0x0800058a   0x00000006   Code   RO         4041    .text               c_w.l(heapauxi.o)
    0x08000590   0x08000590   0x00000002   Code   RO         4085    .text               c_w.l(use_no_semi.o)
    0x08000592   0x08000592   0x000000ee   Code   RO         4088    .text               c_w.l(lludivv7m.o)
    0x08000680   0x08000680   0x000000b2   Code   RO         4090    .text               c_w.l(_printf_intcommon.o)
    0x08000732   0x08000732   0x00000002   PAD
    0x08000734   0x08000734   0x00000030   Code   RO         4092    .text               c_w.l(_printf_char_common.o)
    0x08000764   0x08000764   0x0000000a   Code   RO         4094    .text               c_w.l(_sputc.o)
    0x0800076e   0x0800076e   0x00000002   PAD
    0x08000770   0x08000770   0x00000024   Code   RO         4098    .text               c_w.l(_printf_char_file.o)
    0x08000794   0x08000794   0x00000064   Code   RO         4101    .text               c_w.l(rt_memcpy_w.o)
    0x080007f8   0x080007f8   0x00000008   Code   RO         4137    .text               c_w.l(ferror.o)
    0x08000800   0x08000800   0x0000004a   Code   RO         4143    .text               c_w.l(sys_stackheap_outer.o)
    0x0800084a   0x0800084a   0x00000012   Code   RO         4147    .text               c_w.l(exit.o)
    0x0800085c   0x0800085c   0x00000008   Code   RO         4157    .text               c_w.l(libspace.o)
    0x08000864   0x08000864   0x00000034   Code   RO          909    i.BEEP_Init         beep.o
    0x08000898   0x08000898   0x00000002   Code   RO          236    i.BusFault_Handler  stm32f10x_it.o
    0x0800089a   0x0800089a   0x0000002a   Code   RO          713    i.CmdError          sdio_sdcard.o
    0x080008c4   0x080008c4   0x00000050   Code   RO          714    i.CmdResp1Error     sdio_sdcard.o
    0x08000914   0x08000914   0x00000048   Code   RO          715    i.CmdResp2Error     sdio_sdcard.o
    0x0800095c   0x0800095c   0x00000030   Code   RO          716    i.CmdResp3Error     sdio_sdcard.o
    0x0800098c   0x0800098c   0x00000078   Code   RO          717    i.CmdResp6Error     sdio_sdcard.o
    0x08000a04   0x08000a04   0x0000003c   Code   RO          718    i.CmdResp7Error     sdio_sdcard.o
    0x08000a40   0x08000a40   0x00000016   Code   RO         2670    i.DMA_Cmd           stm32f10x_dma.o
    0x08000a56   0x08000a56   0x00000002   PAD
    0x08000a58   0x08000a58   0x000000e4   Code   RO         2671    i.DMA_DeInit        stm32f10x_dma.o
    0x08000b3c   0x08000b3c   0x0000003a   Code   RO         2676    i.DMA_Init          stm32f10x_dma.o
    0x08000b76   0x08000b76   0x00000002   Code   RO          237    i.DebugMon_Handler  stm32f10x_it.o
    0x08000b78   0x08000b78   0x000001f8   Code   RO            1    i.ESP8266_Init      main.o
    0x08000d70   0x08000d70   0x00000038   Code   RO          921    i.EXTI0_IRQHandler  exti.o
    0x08000da8   0x08000da8   0x00000038   Code   RO          922    i.EXTI3_IRQHandler  exti.o
    0x08000de0   0x08000de0   0x00000038   Code   RO          923    i.EXTI4_IRQHandler  exti.o
    0x08000e18   0x08000e18   0x00000042   Code   RO          924    i.EXTI8_Init        exti.o
    0x08000e5a   0x08000e5a   0x00000002   PAD
    0x08000e5c   0x08000e5c   0x00000044   Code   RO          925    i.EXTI9_5_IRQHandler  exti.o
    0x08000ea0   0x08000ea0   0x0000000c   Code   RO         2615    i.EXTI_ClearITPendingBit  stm32f10x_exti.o
    0x08000eac   0x08000eac   0x00000020   Code   RO         2619    i.EXTI_GetITStatus  stm32f10x_exti.o
    0x08000ecc   0x08000ecc   0x00000070   Code   RO         2620    i.EXTI_Init         stm32f10x_exti.o
    0x08000f3c   0x08000f3c   0x00000020   Code   RO         1334    i.FSMC_NORSRAMCmd   stm32f10x_fsmc.o
    0x08000f5c   0x08000f5c   0x000000c8   Code   RO         1336    i.FSMC_NORSRAMInit  stm32f10x_fsmc.o
    0x08001024   0x08001024   0x00000138   Code   RO          719    i.FindSCR           sdio_sdcard.o
    0x0800115c   0x0800115c   0x00000028   Code   RO         1446    i.GPIO_EXTILineConfig  stm32f10x_gpio.o
    0x08001184   0x08001184   0x0000009c   Code   RO         1449    i.GPIO_Init         stm32f10x_gpio.o
    0x08001220   0x08001220   0x00000058   Code   RO         1451    i.GPIO_PinRemapConfig  stm32f10x_gpio.o
    0x08001278   0x08001278   0x0000000e   Code   RO         1453    i.GPIO_ReadInputDataBit  stm32f10x_gpio.o
    0x08001286   0x08001286   0x00000004   Code   RO         1457    i.GPIO_SetBits      stm32f10x_gpio.o
    0x0800128a   0x0800128a   0x00000002   PAD
    0x0800128c   0x0800128c   0x0000008c   Code   RO         3627    i.Get_HzMat         text.o
    0x08001318   0x08001318   0x00000002   Code   RO          238    i.HardFault_Handler  stm32f10x_it.o
    0x0800131a   0x0800131a   0x00000004   Code   RO         1200    i.INTX_DISABLE      sys.o
    0x0800131e   0x0800131e   0x00000004   Code   RO         1201    i.INTX_ENABLE       sys.o
    0x08001322   0x08001322   0x00000002   PAD
    0x08001324   0x08001324   0x0000008c   Code   RO          720    i.IsCardProgramming  sdio_sdcard.o
    0x080013b0   0x080013b0   0x0000003c   Code   RO          366    i.KEY_Init          key.o
    0x080013ec   0x080013ec   0x000000a8   Code   RO          367    i.KEY_Scan          key.o
    0x08001494   0x08001494   0x00000012   Code   RO          385    i.LCD_BGR2RGB       lcd.o
    0x080014a6   0x080014a6   0x00000002   PAD
    0x080014a8   0x080014a8   0x0000006c   Code   RO          386    i.LCD_Clear         lcd.o
    0x08001514   0x08001514   0x00000134   Code   RO          390    i.LCD_Display_Dir   lcd.o
    0x08001648   0x08001648   0x00000120   Code   RO          395    i.LCD_Fast_DrawPoint  lcd.o
    0x08001768   0x08001768   0x0000008c   Code   RO          396    i.LCD_Fill          lcd.o
    0x080017f4   0x080017f4   0x00002e2c   Code   RO          397    i.LCD_Init          lcd.o
    0x08004620   0x08004620   0x00000014   Code   RO          399    i.LCD_RD_DATA       lcd.o
    0x08004634   0x08004634   0x0000010c   Code   RO          400    i.LCD_ReadPoint     lcd.o
    0x08004740   0x08004740   0x00000018   Code   RO          401    i.LCD_ReadReg       lcd.o
    0x08004758   0x08004758   0x0000003c   Code   RO          402    i.LCD_SSD_BackLightSet  lcd.o
    0x08004794   0x08004794   0x000001a8   Code   RO          403    i.LCD_Scan_Dir      lcd.o
    0x0800493c   0x0800493c   0x00000148   Code   RO          404    i.LCD_SetCursor     lcd.o
    0x08004a84   0x08004a84   0x0000017c   Code   RO          405    i.LCD_Set_Window    lcd.o
    0x08004c00   0x08004c00   0x000000cc   Code   RO          406    i.LCD_ShowChar      lcd.o
    0x08004ccc   0x08004ccc   0x00000054   Code   RO          408    i.LCD_ShowString    lcd.o
    0x08004d20   0x08004d20   0x00000014   Code   RO          413    i.LCD_WriteRAM_Prepare  lcd.o
    0x08004d34   0x08004d34   0x00000010   Code   RO          414    i.LCD_WriteReg      lcd.o
    0x08004d44   0x08004d44   0x00000050   Code   RO          354    i.LED_Init          led.o
    0x08004d94   0x08004d94   0x00000002   Code   RO          239    i.MemManage_Handler  stm32f10x_it.o
    0x08004d96   0x08004d96   0x00000002   PAD
    0x08004d98   0x08004d98   0x00000054   Code   RO            2    i.My_USARTSend      main.o
    0x08004dec   0x08004dec   0x0000002c   Code   RO            3    i.My_USARTSendstop  main.o
    0x08004e18   0x08004e18   0x00000002   Code   RO          240    i.NMI_Handler       stm32f10x_it.o
    0x08004e1a   0x08004e1a   0x00000002   PAD
    0x08004e1c   0x08004e1c   0x00000064   Code   RO         1287    i.NVIC_Init         misc.o
    0x08004e80   0x08004e80   0x00000014   Code   RO         1288    i.NVIC_PriorityGroupConfig  misc.o
    0x08004e94   0x08004e94   0x00000110   Code   RO          969    i.OV7670_Init       ov7670.o
    0x08004fa4   0x08004fa4   0x0000006e   Code   RO          972    i.OV7670_Window_Set  ov7670.o
    0x08005012   0x08005012   0x00000002   Code   RO          241    i.PendSV_Handler    stm32f10x_it.o
    0x08005014   0x08005014   0x00000018   Code   RO         1558    i.RCC_AHBPeriphClockCmd  stm32f10x_rcc.o
    0x0800502c   0x0800502c   0x00000018   Code   RO         1559    i.RCC_APB1PeriphClockCmd  stm32f10x_rcc.o
    0x08005044   0x08005044   0x00000018   Code   RO         1561    i.RCC_APB2PeriphClockCmd  stm32f10x_rcc.o
    0x0800505c   0x0800505c   0x00000094   Code   RO         1569    i.RCC_GetClocksFreq  stm32f10x_rcc.o
    0x080050f0   0x080050f0   0x0000006c   Code   RO         1020    i.SCCB_Init         sccb.o
    0x0800515c   0x0800515c   0x00000044   Code   RO         1021    i.SCCB_No_Ack       sccb.o
    0x080051a0   0x080051a0   0x00000074   Code   RO         1022    i.SCCB_RD_Byte      sccb.o
    0x08005214   0x08005214   0x0000004c   Code   RO         1023    i.SCCB_RD_Reg       sccb.o
    0x08005260   0x08005260   0x00000034   Code   RO         1024    i.SCCB_Start        sccb.o
    0x08005294   0x08005294   0x00000038   Code   RO         1025    i.SCCB_Stop         sccb.o
    0x080052cc   0x080052cc   0x00000090   Code   RO         1026    i.SCCB_WR_Byte      sccb.o
    0x0800535c   0x0800535c   0x0000003e   Code   RO         1027    i.SCCB_WR_Reg       sccb.o
    0x0800539a   0x0800539a   0x00000002   PAD
    0x0800539c   0x0800539c   0x0000008c   Code   RO          721    i.SDEnWideBus       sdio_sdcard.o
    0x08005428   0x08005428   0x0000000c   Code   RO         2741    i.SDIO_ClearFlag    stm32f10x_sdio.o
    0x08005434   0x08005434   0x0000000c   Code   RO         2743    i.SDIO_ClockCmd     stm32f10x_sdio.o
    0x08005440   0x08005440   0x00000014   Code   RO          722    i.SDIO_Clock_Set    sdio_sdcard.o
    0x08005454   0x08005454   0x0000000c   Code   RO         2746    i.SDIO_DMACmd       stm32f10x_sdio.o
    0x08005460   0x08005460   0x0000002c   Code   RO         2747    i.SDIO_DataConfig   stm32f10x_sdio.o
    0x0800548c   0x0800548c   0x00000024   Code   RO         2749    i.SDIO_DeInit       stm32f10x_sdio.o
    0x080054b0   0x080054b0   0x00000014   Code   RO         2753    i.SDIO_GetFlagStatus  stm32f10x_sdio.o
    0x080054c4   0x080054c4   0x00000010   Code   RO         2755    i.SDIO_GetPowerState  stm32f10x_sdio.o
    0x080054d4   0x080054d4   0x00000004   Code   RO          723    i.SDIO_IRQHandler   sdio_sdcard.o
    0x080054d8   0x080054d8   0x0000002c   Code   RO         2758    i.SDIO_Init         stm32f10x_sdio.o
    0x08005504   0x08005504   0x0000000c   Code   RO         2759    i.SDIO_ReadData     stm32f10x_sdio.o
    0x08005510   0x08005510   0x00000028   Code   RO         2761    i.SDIO_SendCommand  stm32f10x_sdio.o
    0x08005538   0x08005538   0x00000018   Code   RO         2763    i.SDIO_SetPowerState  stm32f10x_sdio.o
    0x08005550   0x08005550   0x0000000c   Code   RO         2769    i.SDIO_WriteData    stm32f10x_sdio.o
    0x0800555c   0x0800555c   0x00000060   Code   RO          724    i.SD_DMA_Config     sdio_sdcard.o
    0x080055bc   0x080055bc   0x0000004c   Code   RO          725    i.SD_EnableWideBusOperation  sdio_sdcard.o
    0x08005608   0x08005608   0x00000218   Code   RO          726    i.SD_GetCardInfo    sdio_sdcard.o
    0x08005820   0x08005820   0x000000e0   Code   RO          728    i.SD_Init           sdio_sdcard.o
    0x08005900   0x08005900   0x00000114   Code   RO          729    i.SD_InitializeCards  sdio_sdcard.o
    0x08005a14   0x08005a14   0x0000019c   Code   RO          731    i.SD_PowerON        sdio_sdcard.o
    0x08005bb0   0x08005bb0   0x000000e8   Code   RO          732    i.SD_ProcessIRQSrc  sdio_sdcard.o
    0x08005c98   0x08005c98   0x000001f8   Code   RO          733    i.SD_ReadBlock      sdio_sdcard.o
    0x08005e90   0x08005e90   0x00000078   Code   RO          734    i.SD_ReadDisk       sdio_sdcard.o
    0x08005f08   0x08005f08   0x00000260   Code   RO          735    i.SD_ReadMultiBlocks  sdio_sdcard.o
    0x08006168   0x08006168   0x0000002c   Code   RO          736    i.SD_SelectDeselect  sdio_sdcard.o
    0x08006194   0x08006194   0x00000018   Code   RO          738    i.SD_SetDeviceMode  sdio_sdcard.o
    0x080061ac   0x080061ac   0x000002cc   Code   RO          739    i.SD_WriteBlock     sdio_sdcard.o
    0x08006478   0x08006478   0x00000070   Code   RO          740    i.SD_WriteDisk      sdio_sdcard.o
    0x080064e8   0x080064e8   0x000002e4   Code   RO          741    i.SD_WriteMultiBlocks  sdio_sdcard.o
    0x080067cc   0x080067cc   0x00000094   Code   RO          586    i.SPI2_Init         spi.o
    0x08006860   0x08006860   0x00000050   Code   RO          587    i.SPI2_ReadWriteByte  spi.o
    0x080068b0   0x080068b0   0x0000001c   Code   RO          588    i.SPI2_SetSpeed     spi.o
    0x080068cc   0x080068cc   0x00000014   Code   RO         1762    i.SPI_Cmd           stm32f10x_spi.o
    0x080068e0   0x080068e0   0x0000000e   Code   RO         1770    i.SPI_I2S_GetFlagStatus  stm32f10x_spi.o
    0x080068ee   0x080068ee   0x00000004   Code   RO         1773    i.SPI_I2S_ReceiveData  stm32f10x_spi.o
    0x080068f2   0x080068f2   0x00000004   Code   RO         1774    i.SPI_I2S_SendData  stm32f10x_spi.o
    0x080068f6   0x080068f6   0x00000038   Code   RO         1775    i.SPI_Init          stm32f10x_spi.o
    0x0800692e   0x0800692e   0x00000002   Code   RO          242    i.SVC_Handler       stm32f10x_it.o
    0x08006930   0x08006930   0x000000a8   Code   RO          325    i.SetSysClockTo72   system_stm32f10x.o
    0x080069d8   0x080069d8   0x000000a4   Code   RO         3628    i.Show_Font         text.o
    0x08006a7c   0x08006a7c   0x000000ae   Code   RO         3629    i.Show_Str          text.o
    0x08006b2a   0x08006b2a   0x00000018   Code   RO         1291    i.SysTick_CLKSourceConfig  misc.o
    0x08006b42   0x08006b42   0x00000002   Code   RO          243    i.SysTick_Handler   stm32f10x_it.o
    0x08006b44   0x08006b44   0x00000050   Code   RO          327    i.SystemInit        system_stm32f10x.o
    0x08006b94   0x08006b94   0x00000034   Code   RO         1074    i.TIM3_IRQHandler   timer.o
    0x08006bc8   0x08006bc8   0x00000088   Code   RO         1078    i.TIM5_IRQHandler   timer.o
    0x08006c50   0x08006c50   0x00000040   Code   RO         1079    i.TIM6_IRQHandler   timer.o
    0x08006c90   0x08006c90   0x00000006   Code   RO         2090    i.TIM_ClearITPendingBit  stm32f10x_tim.o
    0x08006c96   0x08006c96   0x00000004   Code   RO         2110    i.TIM_GetCapture1   stm32f10x_tim.o
    0x08006c9a   0x08006c9a   0x00000018   Code   RO         2116    i.TIM_GetITStatus   stm32f10x_tim.o
    0x08006cb2   0x08006cb2   0x0000000c   Code   RO         2126    i.TIM_OC1PolarityConfig  stm32f10x_tim.o
    0x08006cbe   0x08006cbe   0x00000004   Code   RO         2160    i.TIM_SetCounter    stm32f10x_tim.o
    0x08006cc2   0x08006cc2   0x00000002   PAD
    0x08006cc4   0x08006cc4   0x00000064   Code   RO         1228    i.USART1_IRQHandler  usart.o
    0x08006d28   0x08006d28   0x00000014   Code   RO         1905    i.USART_Cmd         stm32f10x_usart.o
    0x08006d3c   0x08006d3c   0x0000000e   Code   RO         1908    i.USART_GetFlagStatus  stm32f10x_usart.o
    0x08006d4a   0x08006d4a   0x0000003e   Code   RO         1909    i.USART_GetITStatus  stm32f10x_usart.o
    0x08006d88   0x08006d88   0x00000030   Code   RO         1911    i.USART_ITConfig    stm32f10x_usart.o
    0x08006db8   0x08006db8   0x000000ac   Code   RO         1912    i.USART_Init        stm32f10x_usart.o
    0x08006e64   0x08006e64   0x00000008   Code   RO         1919    i.USART_ReceiveData  stm32f10x_usart.o
    0x08006e6c   0x08006e6c   0x00000008   Code   RO         1922    i.USART_SendData    stm32f10x_usart.o
    0x08006e74   0x08006e74   0x00000002   Code   RO          244    i.UsageFault_Handler  stm32f10x_it.o
    0x08006e76   0x08006e76   0x00000002   PAD
    0x08006e78   0x08006e78   0x00000058   Code   RO          614    i.W25QXX_Erase_Sector  w25qxx.o
    0x08006ed0   0x08006ed0   0x00000058   Code   RO          615    i.W25QXX_Init       w25qxx.o
    0x08006f28   0x08006f28   0x00000050   Code   RO          617    i.W25QXX_Read       w25qxx.o
    0x08006f78   0x08006f78   0x00000044   Code   RO          618    i.W25QXX_ReadID     w25qxx.o
    0x08006fbc   0x08006fbc   0x00000024   Code   RO          619    i.W25QXX_ReadSR     w25qxx.o
    0x08006fe0   0x08006fe0   0x0000000c   Code   RO          621    i.W25QXX_Wait_Busy  w25qxx.o
    0x08006fec   0x08006fec   0x0000009c   Code   RO          622    i.W25QXX_Write      w25qxx.o
    0x08007088   0x08007088   0x00000020   Code   RO          624    i.W25QXX_Write_Enable  w25qxx.o
    0x080070a8   0x080070a8   0x0000003e   Code   RO          625    i.W25QXX_Write_NoCheck  w25qxx.o
    0x080070e6   0x080070e6   0x00000002   PAD
    0x080070e8   0x080070e8   0x00000058   Code   RO          626    i.W25QXX_Write_Page  w25qxx.o
    0x08007140   0x08007140   0x0000000e   Code   RO         4016    i._is_digit         c_w.l(__printf_wp.o)
    0x0800714e   0x0800714e   0x00000002   Code   RO         1229    i._sys_exit         usart.o
    0x08007150   0x08007150   0x000001a8   Code   RO         3657    i.bmp_encode        bmp.o
    0x080072f8   0x080072f8   0x0000004c   Code   RO            4    i.camera_new_pathname  main.o
    0x08007344   0x08007344   0x00000104   Code   RO            5    i.camera_refresh    main.o
    0x08007448   0x08007448   0x0000005c   Code   RO         3055    i.check_fs          ff.o
    0x080074a4   0x080074a4   0x00000010   Code   RO         3056    i.chk_chr           ff.o
    0x080074b4   0x080074b4   0x00000024   Code   RO         3057    i.clmt_clust        ff.o
    0x080074d8   0x080074d8   0x00000018   Code   RO         3058    i.clust2sect        ff.o
    0x080074f0   0x080074f0   0x00000012   Code   RO          742    i.convert_from_bytes_to_power_of_two  sdio_sdcard.o
    0x08007502   0x08007502   0x0000009e   Code   RO         3059    i.create_chain      ff.o
    0x080075a0   0x080075a0   0x00000218   Code   RO         3060    i.create_name       ff.o
    0x080077b8   0x080077b8   0x0000003c   Code   RO         1173    i.delay_init        delay.o
    0x080077f4   0x080077f4   0x00000034   Code   RO         1174    i.delay_ms          delay.o
    0x08007828   0x08007828   0x00000034   Code   RO         1175    i.delay_us          delay.o
    0x0800785c   0x0800785c   0x00000042   Code   RO         3061    i.dir_alloc         ff.o
    0x0800789e   0x0800789e   0x00000002   PAD
    0x080078a0   0x080078a0   0x0000012c   Code   RO         3062    i.dir_find          ff.o
    0x080079cc   0x080079cc   0x000000e6   Code   RO         3063    i.dir_next          ff.o
    0x08007ab2   0x08007ab2   0x00000002   PAD
    0x08007ab4   0x08007ab4   0x00000164   Code   RO         3065    i.dir_register      ff.o
    0x08007c18   0x08007c18   0x0000007c   Code   RO         3067    i.dir_sdi           ff.o
    0x08007c94   0x08007c94   0x00000028   Code   RO         2995    i.disk_initialize   diskio.o
    0x08007cbc   0x08007cbc   0x00000074   Code   RO         2996    i.disk_ioctl        diskio.o
    0x08007d30   0x08007d30   0x0000004c   Code   RO         2997    i.disk_read         diskio.o
    0x08007d7c   0x08007d7c   0x00000004   Code   RO         2998    i.disk_status       diskio.o
    0x08007d80   0x08007d80   0x0000004c   Code   RO         2999    i.disk_write        diskio.o
    0x08007dcc   0x08007dcc   0x00000064   Code   RO         3381    i.exfuns_init       exfuns.o
    0x08007e30   0x08007e30   0x0000001c   Code   RO         3069    i.f_close           ff.o
    0x08007e4c   0x08007e4c   0x00000180   Code   RO         3075    i.f_mkdir           ff.o
    0x08007fcc   0x08007fcc   0x0000004c   Code   RO         3077    i.f_mount           ff.o
    0x08008018   0x08008018   0x00000158   Code   RO         3078    i.f_open            ff.o
    0x08008170   0x08008170   0x00000098   Code   RO         3088    i.f_sync            ff.o
    0x08008208   0x08008208   0x00000180   Code   RO         3092    i.f_write           ff.o
    0x08008388   0x08008388   0x00000070   Code   RO         3566    i.ff_convert        mycc936.o
    0x080083f8   0x080083f8   0x00000008   Code   RO         3000    i.ff_memalloc       diskio.o
    0x08008400   0x08008400   0x00000008   Code   RO         3001    i.ff_memfree        diskio.o
    0x08008408   0x08008408   0x00000024   Code   RO         3567    i.ff_wtoupper       mycc936.o
    0x0800842c   0x0800842c   0x00000238   Code   RO         3093    i.find_volume       ff.o
    0x08008664   0x08008664   0x00000066   Code   RO         3094    i.follow_path       ff.o
    0x080086ca   0x080086ca   0x00000002   PAD
    0x080086cc   0x080086cc   0x00000040   Code   RO         3585    i.font_init         fontupd.o
    0x0800870c   0x0800870c   0x00000018   Code   RO         1230    i.fputc             usart.o
    0x08008724   0x08008724   0x0000008c   Code   RO         3095    i.gen_numname       ff.o
    0x080087b0   0x080087b0   0x000000be   Code   RO         3096    i.get_fat           ff.o
    0x0800886e   0x0800886e   0x00000004   Code   RO         3002    i.get_fattime       diskio.o
    0x08008872   0x08008872   0x0000003c   Code   RO         3098    i.get_ldnumber      ff.o
    0x080088ae   0x080088ae   0x00000012   Code   RO         3099    i.ld_clust          ff.o
    0x080088c0   0x080088c0   0x00000530   Code   RO            6    i.main              main.o
    0x08008df0   0x08008df0   0x00000010   Code   RO         3100    i.mem_cpy           ff.o
    0x08008e00   0x08008e00   0x0000000e   Code   RO         3101    i.mem_set           ff.o
    0x08008e0e   0x08008e0e   0x00000032   Code   RO         3102    i.move_window       ff.o
    0x08008e40   0x08008e40   0x00000058   Code   RO         2926    i.my_mem_free       malloc.o
    0x08008e98   0x08008e98   0x0000003c   Code   RO         2927    i.my_mem_init       malloc.o
    0x08008ed4   0x08008ed4   0x0000008c   Code   RO         2928    i.my_mem_malloc     malloc.o
    0x08008f60   0x08008f60   0x00000038   Code   RO         2929    i.my_mem_perused    malloc.o
    0x08008f98   0x08008f98   0x00000018   Code   RO         2930    i.myfree            malloc.o
    0x08008fb0   0x08008fb0   0x00000020   Code   RO         2931    i.mymalloc          malloc.o
    0x08008fd0   0x08008fd0   0x0000000c   Code   RO         2933    i.mymemset          malloc.o
    0x08008fdc   0x08008fdc   0x00000008   Code   RO         3791    i.pic_memalloc      piclib.o
    0x08008fe4   0x08008fe4   0x00000008   Code   RO         3792    i.pic_memfree       piclib.o
    0x08008fec   0x08008fec   0x000000f4   Code   RO         3103    i.put_fat           ff.o
    0x080090e0   0x080090e0   0x00000062   Code   RO         3105    i.remove_chain      ff.o
    0x08009142   0x08009142   0x00000010   Code   RO         3106    i.st_clust          ff.o
    0x08009152   0x08009152   0x0000001a   Code   RO         3107    i.sum_sfn           ff.o
    0x0800916c   0x0800916c   0x000000b0   Code   RO         3108    i.sync_fs           ff.o
    0x0800921c   0x0800921c   0x00000052   Code   RO         3109    i.sync_window       ff.o
    0x0800926e   0x0800926e   0x00000002   PAD
    0x08009270   0x08009270   0x000000a0   Code   RO         1231    i.uart_init         usart.o
    0x08009310   0x08009310   0x00000026   Code   RO         3110    i.validate          ff.o
    0x08009336   0x08009336   0x00000002   PAD
    0x08009338   0x08009338   0x0000005a   Code   RO         4045    x$fpl$dfixu         fz_ws.l(dfixu.o)
    0x08009392   0x08009392   0x00000026   Code   RO         4049    x$fpl$dfltu         fz_ws.l(dflt_clz.o)
    0x080093b8   0x080093b8   0x00000154   Code   RO         4055    x$fpl$dmul          fz_ws.l(dmul.o)
    0x0800950c   0x0800950c   0x0000009c   Code   RO         4103    x$fpl$dnaninf       fz_ws.l(dnaninf.o)
    0x080095a8   0x080095a8   0x0000000c   Code   RO         4105    x$fpl$dretinf       fz_ws.l(dretinf.o)
    0x080095b4   0x080095b4   0x00000000   Code   RO         4115    x$fpl$usenofp       fz_ws.l(usenofp.o)
    0x080095b4   0x080095b4   0x000017c0   Data   RO          417    .constdata          lcd.o
    0x0800ad74   0x0800ad74   0x00000150   Data   RO          973    .constdata          ov7670.o
    0x0800aec4   0x0800aec4   0x00000018   Data   RO         2939    .constdata          malloc.o
    0x0800aedc   0x0800aedc   0x0000003a   Data   RO         3111    .constdata          ff.o
    0x0800af16   0x0800af16   0x000003c0   Data   RO         3568    .constdata          mycc936.o
    0x0800b2d6   0x0800b2d6   0x00000028   Data   RO         3989    .constdata          c_w.l(_printf_hex_int.o)
    0x0800b2fe   0x0800b2fe   0x00000011   Data   RO         4019    .constdata          c_w.l(__printf_flags_wp.o)
    0x0800b30f   0x0800b30f   0x00000001   PAD
    0x0800b310   0x0800b310   0x00000020   Data   RO         4284    Region$$Table       anon$$obj.o


    Execution Region RW_IRAM1 (Exec base: 0x20000000, Load base: 0x0800b330, Size: 0x0000c4c8, Max: 0x00010000, ABSOLUTE)

    Exec Addr    Load Addr    Size         Type   Attr      Idx    E Section Name        Object

    0x20000000   0x0800b330   0x00000014   Data   RW          328    .data               system_stm32f10x.o
    0x20000014   0x0800b344   0x00000001   Data   RW          368    .data               key.o
    0x20000015   0x0800b345   0x00000001   PAD
    0x20000016   0x0800b346   0x00000004   Data   RW          418    .data               lcd.o
    0x2000001a   0x0800b34a   0x00000002   Data   RW          629    .data               w25qxx.o
    0x2000001c   0x0800b34c   0x00000010   Data   RW          744    .data               sdio_sdcard.o
    0x2000002c   0x0800b35c   0x00000001   Data   RW          927    .data               exti.o
    0x2000002d   0x0800b35d   0x00000001   PAD
    0x2000002e   0x0800b35e   0x00000004   Data   RW         1081    .data               timer.o
    0x20000032   0x0800b362   0x00000004   Data   RW         1176    .data               delay.o
    0x20000036   0x0800b366   0x00000002   Data   RW         1233    .data               usart.o
    0x20000038   0x0800b368   0x00000004   Data   RW         1234    .data               usart.o
    0x2000003c   0x0800b36c   0x00000014   Data   RW         1589    .data               stm32f10x_rcc.o
    0x20000050   0x0800b380   0x0000001c   Data   RW         2940    .data               malloc.o
    0x2000006c   0x0800b39c   0x00000002   Data   RW         3003    .data               diskio.o
    0x2000006e   0x0800b39e   0x00000002   PAD
    0x20000070   0x0800b3a0   0x0000000c   Data   RW         3112    .data               ff.o
    0x2000007c   0x0800b3ac   0x00000014   Data   RW         3387    .data               exfuns.o
    0x20000090   0x0800b3c0   0x00000004   Data   RW         3389    .data               exfuns.o
    0x20000094        -       0x0000000e   Zero   RW          416    .bss                lcd.o
    0x200000a2        -       0x00001000   Zero   RW          628    .bss                w25qxx.o
    0x200010a2   0x0800b3c4   0x00000006   PAD
    0x200010a8        -       0x000002c0   Zero   RW          743    .bss                sdio_sdcard.o
    0x20001368        -       0x000000c8   Zero   RW         1232    .bss                usart.o
    0x20001430   0x0800b3c4   0x00000010   PAD
    0x20001440        -       0x0000a000   Zero   RW         2937    .bss                malloc.o
    0x2000b440        -       0x00000a00   Zero   RW         2938    .bss                malloc.o
    0x2000be40        -       0x00000021   Zero   RW         3589    .bss                fontupd.o
    0x2000be61   0x0800b3c4   0x00000003   PAD
    0x2000be64        -       0x00000060   Zero   RW         4158    .bss                c_w.l(libspace.o)
    0x2000bec4   0x0800b3c4   0x00000004   PAD
    0x2000bec8        -       0x00000200   Zero   RW         1281    HEAP                startup_stm32f10x_hd.o
    0x2000c0c8        -       0x00000400   Zero   RW         1280    STACK               startup_stm32f10x_hd.o



  Load Region LR$$.ARM.__AT_0x68000000 (Base: 0x68000000, Size: 0x00000000, Max: 0x00000020, ABSOLUTE)

    Execution Region ER$$.ARM.__AT_0x68000000 (Exec base: 0x68000000, Load base: 0x68000000, Size: 0x00000020, Max: 0x00000020, ABSOLUTE, UNINIT)

    Exec Addr    Load Addr    Size         Type   Attr      Idx    E Section Name        Object

    0x68000000        -       0x00000020   Zero   RW         2935    .ARM.__AT_0x68000000  malloc.o



  Load Region LR$$.ARM.__AT_0x68000020 (Base: 0x68000020, Size: 0x00000000, Max: 0x00000004, ABSOLUTE)

    Execution Region ER$$.ARM.__AT_0x68000020 (Exec base: 0x68000020, Load base: 0x68000020, Size: 0x00000004, Max: 0x00000004, ABSOLUTE, UNINIT)

    Exec Addr    Load Addr    Size         Type   Attr      Idx    E Section Name        Object

    0x68000020        -       0x00000002   Zero   RW         2936    .ARM.__AT_0x68000020  malloc.o


==============================================================================

Image component sizes


      Code (inc. data)   RO Data    RW Data    ZI Data      Debug   Object Name

        52         14          0          0          0        380   beep.o
       424          8          0          0          0       1841   bmp.o
       164         26          0          4          0       1523   delay.o
       332         14          0          2          0       5684   diskio.o
       100          6          0         24          0       1535   exfuns.o
       302         42          0          1          0       2516   exti.o
      5144         60         58         12          0      34966   ff.o
        64          6          0          0         33       1857   fontupd.o
       228         22          0          1          0       1106   key.o
     14510        190       6080          4         14      54705   lcd.o
        80         10          0          0          0        459   led.o
      2296        570          0          0          0     294687   main.o
       412         46         24         28      43554       5648   malloc.o
       144         16          0          0          0       1893   misc.o
       148         14        960          0          0       1755   mycc936.o
       382         30        336          0          0       1984   ov7670.o
        16          0          0          0          0        837   piclib.o
       682         66          0          0          0       4475   sccb.o
      5776        266          0         16        704      32706   sdio_sdcard.o
       256         18          0          0          0       1645   spi.o
        64         26        304          0       1536        752   startup_stm32f10x_hd.o
       308         10          0          0          0       3390   stm32f10x_dma.o
       156         14          0          0          0       2032   stm32f10x_exti.o
       232          6          0          0          0       1741   stm32f10x_fsmc.o
       302         12          0          0          0       4363   stm32f10x_gpio.o
        18          0          0          0          0       3246   stm32f10x_it.o
       220         34          0         20          0       4810   stm32f10x_rcc.o
       284         66          0          0          0       7450   stm32f10x_sdio.o
        98          0          0          0          0       3562   stm32f10x_spi.o
        50          0          0          0          0       3936   stm32f10x_tim.o
       332          6          0          0          0       5981   stm32f10x_usart.o
         8          0          0          0          0        765   sys.o
       248         24          0         20          0       1533   system_stm32f10x.o
       478         16          0          0          0       3259   text.o
       252         40          0          4          0       1790   timer.o
       286         26          0          6        200       3872   usart.o
       710         58          0          2       4096       6439   w25qxx.o

    ----------------------------------------------------------------------
     35590       1762       7794        148      50164     511123   Object Totals
         0          0         32          0          0          0   (incl. Generated)
        32          0          0          4         27          0   (incl. Padding)

    ----------------------------------------------------------------------

      Code (inc. data)   RO Data    RW Data    ZI Data      Debug   Library Member Name

         8          0          0          0          0         68   __main.o
       312          4         17          0          0         92   __printf_flags_wp.o
        14          0          0          0          0         68   __printf_wp.o
         0          0          0          0          0          0   __rtentry.o
        12          0          0          0          0          0   __rtentry2.o
         6          0          0          0          0          0   __rtentry4.o
        52          8          0          0          0          0   __scatter.o
        26          0          0          0          0          0   __scatter_copy.o
        28          0          0          0          0          0   __scatter_zi.o
        48          6          0          0          0         96   _printf_char_common.o
        36          4          0          0          0         80   _printf_char_file.o
         6          0          0          0          0          0   _printf_d.o
       120         16          0          0          0         92   _printf_dec.o
        88          4         40          0          0         88   _printf_hex_int.o
       178          0          0          0          0         88   _printf_intcommon.o
        78          0          0          0          0        108   _printf_pad.o
         0          0          0          0          0          0   _printf_percent.o
         4          0          0          0          0          0   _printf_percent_end.o
         6          0          0          0          0          0   _printf_x.o
        10          0          0          0          0         68   _sputc.o
        18          0          0          0          0         80   exit.o
         8          0          0          0          0         68   ferror.o
         6          0          0          0          0        152   heapauxi.o
         2          0          0          0          0          0   libinit.o
         2          0          0          0          0          0   libinit2.o
         2          0          0          0          0          0   libshutdown.o
         2          0          0          0          0          0   libshutdown2.o
         8          4          0          0         96         68   libspace.o
        72          0          0          0          0         76   llsdiv.o
       238          0          0          0          0        100   lludivv7m.o
        24          4          0          0          0         84   noretval__2printf.o
        40          6          0          0          0         84   noretval__2sprintf.o
       138          0          0          0          0         68   rt_memcpy_v6.o
       100          0          0          0          0         80   rt_memcpy_w.o
         2          0          0          0          0          0   rtexit.o
        10          0          0          0          0          0   rtexit2.o
        74          0          0          0          0         80   sys_stackheap_outer.o
         2          0          0          0          0         68   use_no_semi.o
         2          0          0          0          0         68   use_no_semi_2.o
        90          4          0          0          0         92   dfixu.o
        38          0          0          0          0         68   dflt_clz.o
       340         12          0          0          0        104   dmul.o
       156          4          0          0          0         92   dnaninf.o
        12          0          0          0          0         68   dretinf.o
         0          0          0          0          0          0   usenofp.o

    ----------------------------------------------------------------------
      2430         76         58          0        100       2348   Library Totals
        12          0          1          0          4          0   (incl. Padding)

    ----------------------------------------------------------------------

      Code (inc. data)   RO Data    RW Data    ZI Data      Debug   Library Name

      1782         56         57          0         96       1924   c_w.l
       636         20          0          0          0        424   fz_ws.l

    ----------------------------------------------------------------------
      2430         76         58          0        100       2348   Library Totals

    ----------------------------------------------------------------------

==============================================================================


      Code (inc. data)   RO Data    RW Data    ZI Data      Debug   

     38020       1838       7852        148      50264     501507   Grand Totals
     38020       1838       7852        148      50264     501507   ELF Image Totals
     38020       1838       7852        148          0          0   ROM Totals

==============================================================================

    Total RO  Size (Code + RO Data)                45872 (  44.80kB)
    Total RW  Size (RW Data + ZI Data)             50412 (  49.23kB)
    Total ROM Size (Code + RO Data + RW Data)      46020 (  44.94kB)

==============================================================================

